<?xml version="1.0" encoding="ISO-8859-1" ?>
<link_info>
   <banner>TMS320C2000 Linker PC v22.6.0.LTS</banner>
   <copyright>Copyright (c) 1996-2018 Texas Instruments Incorporated</copyright>
   <link_time>0x64b64abe</link_time>
   <link_errors>0x0</link_errors>
   <output_file>F280039C_Template.out</output_file>
   <entry_point>
      <name>_c_int00</name>
      <address>0x9817</address>
   </entry_point>
   <input_file_list>
      <input_file id="fl-2">
         <path>.\syscfg\</path>
         <kind>object</kind>
         <file>board.obj</file>
         <name>board.obj</name>
      </input_file>
      <input_file id="fl-3">
         <path>.\syscfg\</path>
         <kind>object</kind>
         <file>c2000ware_libraries.obj</file>
         <name>c2000ware_libraries.obj</name>
      </input_file>
      <input_file id="fl-4">
         <path>.\</path>
         <kind>object</kind>
         <file>main.obj</file>
         <name>main.obj</name>
      </input_file>
      <input_file id="fl-5">
         <path>.\device_support\</path>
         <kind>object</kind>
         <file>device.obj</file>
         <name>device.obj</name>
      </input_file>
      <input_file id="fl-6">
         <path>.\device_support\</path>
         <kind>object</kind>
         <file>f28003x_adc.obj</file>
         <name>f28003x_adc.obj</name>
      </input_file>
      <input_file id="fl-7">
         <path>.\device_support\</path>
         <kind>object</kind>
         <file>f28003x_codestartbranch.obj</file>
         <name>f28003x_codestartbranch.obj</name>
      </input_file>
      <input_file id="fl-8">
         <path>.\device_support\</path>
         <kind>object</kind>
         <file>f28003x_cputimers.obj</file>
         <name>f28003x_cputimers.obj</name>
      </input_file>
      <input_file id="fl-9">
         <path>.\device_support\</path>
         <kind>object</kind>
         <file>f28003x_dbgier.obj</file>
         <name>f28003x_dbgier.obj</name>
      </input_file>
      <input_file id="fl-a">
         <path>.\device_support\</path>
         <kind>object</kind>
         <file>f28003x_defaultisr.obj</file>
         <name>f28003x_defaultisr.obj</name>
      </input_file>
      <input_file id="fl-b">
         <path>.\device_support\</path>
         <kind>object</kind>
         <file>f28003x_dma.obj</file>
         <name>f28003x_dma.obj</name>
      </input_file>
      <input_file id="fl-c">
         <path>.\device_support\</path>
         <kind>object</kind>
         <file>f28003x_epwm.obj</file>
         <name>f28003x_epwm.obj</name>
      </input_file>
      <input_file id="fl-d">
         <path>.\device_support\</path>
         <kind>object</kind>
         <file>f28003x_globalvariabledefs.obj</file>
         <name>f28003x_globalvariabledefs.obj</name>
      </input_file>
      <input_file id="fl-e">
         <path>.\device_support\</path>
         <kind>object</kind>
         <file>f28003x_gpio.obj</file>
         <name>f28003x_gpio.obj</name>
      </input_file>
      <input_file id="fl-f">
         <path>.\device_support\</path>
         <kind>object</kind>
         <file>f28003x_piectrl.obj</file>
         <name>f28003x_piectrl.obj</name>
      </input_file>
      <input_file id="fl-10">
         <path>.\device_support\</path>
         <kind>object</kind>
         <file>f28003x_pievect.obj</file>
         <name>f28003x_pievect.obj</name>
      </input_file>
      <input_file id="fl-11">
         <path>.\device_support\</path>
         <kind>object</kind>
         <file>f28003x_spi.obj</file>
         <name>f28003x_spi.obj</name>
      </input_file>
      <input_file id="fl-12">
         <path>.\device_support\</path>
         <kind>object</kind>
         <file>f28003x_sysctrl.obj</file>
         <name>f28003x_sysctrl.obj</name>
      </input_file>
      <input_file id="fl-13">
         <path>.\device_support\</path>
         <kind>object</kind>
         <file>f28003x_tempsensorconv.obj</file>
         <name>f28003x_tempsensorconv.obj</name>
      </input_file>
      <input_file id="fl-14">
         <path>.\device_support\</path>
         <kind>object</kind>
         <file>f28003x_usdelay.obj</file>
         <name>f28003x_usdelay.obj</name>
      </input_file>
      <input_file id="fl-15">
         <path>.\driverlib\</path>
         <kind>object</kind>
         <file>adc.obj</file>
         <name>adc.obj</name>
      </input_file>
      <input_file id="fl-16">
         <path>.\driverlib\</path>
         <kind>object</kind>
         <file>aes.obj</file>
         <name>aes.obj</name>
      </input_file>
      <input_file id="fl-17">
         <path>.\driverlib\</path>
         <kind>object</kind>
         <file>asysctl.obj</file>
         <name>asysctl.obj</name>
      </input_file>
      <input_file id="fl-18">
         <path>.\driverlib\</path>
         <kind>object</kind>
         <file>bgcrc.obj</file>
         <name>bgcrc.obj</name>
      </input_file>
      <input_file id="fl-19">
         <path>.\driverlib\</path>
         <kind>object</kind>
         <file>can.obj</file>
         <name>can.obj</name>
      </input_file>
      <input_file id="fl-1a">
         <path>.\driverlib\</path>
         <kind>object</kind>
         <file>cla.obj</file>
         <name>cla.obj</name>
      </input_file>
      <input_file id="fl-1b">
         <path>.\driverlib\</path>
         <kind>object</kind>
         <file>clb.obj</file>
         <name>clb.obj</name>
      </input_file>
      <input_file id="fl-1c">
         <path>.\driverlib\</path>
         <kind>object</kind>
         <file>cmpss.obj</file>
         <name>cmpss.obj</name>
      </input_file>
      <input_file id="fl-1d">
         <path>.\driverlib\</path>
         <kind>object</kind>
         <file>cputimer.obj</file>
         <name>cputimer.obj</name>
      </input_file>
      <input_file id="fl-1e">
         <path>.\driverlib\</path>
         <kind>object</kind>
         <file>dac.obj</file>
         <name>dac.obj</name>
      </input_file>
      <input_file id="fl-1f">
         <path>.\driverlib\</path>
         <kind>object</kind>
         <file>dcc.obj</file>
         <name>dcc.obj</name>
      </input_file>
      <input_file id="fl-20">
         <path>.\driverlib\</path>
         <kind>object</kind>
         <file>dcsm.obj</file>
         <name>dcsm.obj</name>
      </input_file>
      <input_file id="fl-21">
         <path>.\driverlib\</path>
         <kind>object</kind>
         <file>dma.obj</file>
         <name>dma.obj</name>
      </input_file>
      <input_file id="fl-22">
         <path>.\driverlib\</path>
         <kind>object</kind>
         <file>ecap.obj</file>
         <name>ecap.obj</name>
      </input_file>
      <input_file id="fl-23">
         <path>.\driverlib\</path>
         <kind>object</kind>
         <file>epg.obj</file>
         <name>epg.obj</name>
      </input_file>
      <input_file id="fl-24">
         <path>.\driverlib\</path>
         <kind>object</kind>
         <file>epwm.obj</file>
         <name>epwm.obj</name>
      </input_file>
      <input_file id="fl-25">
         <path>.\driverlib\</path>
         <kind>object</kind>
         <file>eqep.obj</file>
         <name>eqep.obj</name>
      </input_file>
      <input_file id="fl-26">
         <path>.\driverlib\</path>
         <kind>object</kind>
         <file>erad.obj</file>
         <name>erad.obj</name>
      </input_file>
      <input_file id="fl-27">
         <path>.\driverlib\</path>
         <kind>object</kind>
         <file>flash.obj</file>
         <name>flash.obj</name>
      </input_file>
      <input_file id="fl-28">
         <path>.\driverlib\</path>
         <kind>object</kind>
         <file>fsi.obj</file>
         <name>fsi.obj</name>
      </input_file>
      <input_file id="fl-29">
         <path>.\driverlib\</path>
         <kind>object</kind>
         <file>gpio.obj</file>
         <name>gpio.obj</name>
      </input_file>
      <input_file id="fl-2a">
         <path>.\driverlib\</path>
         <kind>object</kind>
         <file>hic.obj</file>
         <name>hic.obj</name>
      </input_file>
      <input_file id="fl-2b">
         <path>.\driverlib\</path>
         <kind>object</kind>
         <file>hrcap.obj</file>
         <name>hrcap.obj</name>
      </input_file>
      <input_file id="fl-2c">
         <path>.\driverlib\</path>
         <kind>object</kind>
         <file>hrpwm.obj</file>
         <name>hrpwm.obj</name>
      </input_file>
      <input_file id="fl-2d">
         <path>.\driverlib\</path>
         <kind>object</kind>
         <file>i2c.obj</file>
         <name>i2c.obj</name>
      </input_file>
      <input_file id="fl-2e">
         <path>.\driverlib\</path>
         <kind>object</kind>
         <file>interrupt.obj</file>
         <name>interrupt.obj</name>
      </input_file>
      <input_file id="fl-2f">
         <path>.\driverlib\</path>
         <kind>object</kind>
         <file>lin.obj</file>
         <name>lin.obj</name>
      </input_file>
      <input_file id="fl-30">
         <path>.\driverlib\</path>
         <kind>object</kind>
         <file>mcan.obj</file>
         <name>mcan.obj</name>
      </input_file>
      <input_file id="fl-31">
         <path>.\driverlib\</path>
         <kind>object</kind>
         <file>memcfg.obj</file>
         <name>memcfg.obj</name>
      </input_file>
      <input_file id="fl-32">
         <path>.\driverlib\</path>
         <kind>object</kind>
         <file>pmbus.obj</file>
         <name>pmbus.obj</name>
      </input_file>
      <input_file id="fl-33">
         <path>.\driverlib\</path>
         <kind>object</kind>
         <file>sci.obj</file>
         <name>sci.obj</name>
      </input_file>
      <input_file id="fl-34">
         <path>.\driverlib\</path>
         <kind>object</kind>
         <file>sdfm.obj</file>
         <name>sdfm.obj</name>
      </input_file>
      <input_file id="fl-35">
         <path>.\driverlib\</path>
         <kind>object</kind>
         <file>spi.obj</file>
         <name>spi.obj</name>
      </input_file>
      <input_file id="fl-36">
         <path>.\driverlib\</path>
         <kind>object</kind>
         <file>sysctl.obj</file>
         <name>sysctl.obj</name>
      </input_file>
      <input_file id="fl-37">
         <path>.\driverlib\</path>
         <kind>object</kind>
         <file>version.obj</file>
         <name>version.obj</name>
      </input_file>
      <input_file id="fl-38">
         <path>.\driverlib\</path>
         <kind>object</kind>
         <file>xbar.obj</file>
         <name>xbar.obj</name>
      </input_file>
      <input_file id="fl-3e">
         <kind>object</kind>
         <file>&lt;internal&gt;</file>
         <name>&lt;internal&gt;</name>
      </input_file>
      <input_file id="fl-4a">
         <path>D:\Program\ti\ccs1220\ccs\tools\compiler\ti-cgt-c2000_22.6.0.LTS\lib\</path>
         <kind>archive</kind>
         <file>rts2800_fpu32_eabi.lib</file>
         <name>s_cos.c.obj</name>
      </input_file>
      <input_file id="fl-4b">
         <path>D:\Program\ti\ccs1220\ccs\tools\compiler\ti-cgt-c2000_22.6.0.LTS\lib\</path>
         <kind>archive</kind>
         <file>rts2800_fpu32_eabi.lib</file>
         <name>boot28.asm.obj</name>
      </input_file>
      <input_file id="fl-4c">
         <path>D:\Program\ti\ccs1220\ccs\tools\compiler\ti-cgt-c2000_22.6.0.LTS\lib\</path>
         <kind>archive</kind>
         <file>rts2800_fpu32_eabi.lib</file>
         <name>fd_neg28.asm.obj</name>
      </input_file>
      <input_file id="fl-4d">
         <path>D:\Program\ti\ccs1220\ccs\tools\compiler\ti-cgt-c2000_22.6.0.LTS\lib\</path>
         <kind>archive</kind>
         <file>rts2800_fpu32_eabi.lib</file>
         <name>fd_sub28.asm.obj</name>
      </input_file>
      <input_file id="fl-4e">
         <path>D:\Program\ti\ccs1220\ccs\tools\compiler\ti-cgt-c2000_22.6.0.LTS\lib\</path>
         <kind>archive</kind>
         <file>rts2800_fpu32_eabi.lib</file>
         <name>fd_toi28.asm.obj</name>
      </input_file>
      <input_file id="fl-4f">
         <path>D:\Program\ti\ccs1220\ccs\tools\compiler\ti-cgt-c2000_22.6.0.LTS\lib\</path>
         <kind>archive</kind>
         <file>rts2800_fpu32_eabi.lib</file>
         <name>fs_div28.asm.obj</name>
      </input_file>
      <input_file id="fl-50">
         <path>D:\Program\ti\ccs1220\ccs\tools\compiler\ti-cgt-c2000_22.6.0.LTS\lib\</path>
         <kind>archive</kind>
         <file>rts2800_fpu32_eabi.lib</file>
         <name>ll_cmp28.asm.obj</name>
      </input_file>
      <input_file id="fl-51">
         <path>D:\Program\ti\ccs1220\ccs\tools\compiler\ti-cgt-c2000_22.6.0.LTS\lib\</path>
         <kind>archive</kind>
         <file>rts2800_fpu32_eabi.lib</file>
         <name>l_div28.asm.obj</name>
      </input_file>
      <input_file id="fl-52">
         <path>D:\Program\ti\ccs1220\ccs\tools\compiler\ti-cgt-c2000_22.6.0.LTS\lib\</path>
         <kind>archive</kind>
         <file>rts2800_fpu32_eabi.lib</file>
         <name>fd_tofsfpu32.asm.obj</name>
      </input_file>
      <input_file id="fl-53">
         <path>D:\Program\ti\ccs1220\ccs\tools\compiler\ti-cgt-c2000_22.6.0.LTS\lib\</path>
         <kind>archive</kind>
         <file>rts2800_fpu32_eabi.lib</file>
         <name>pre_init.c.obj</name>
      </input_file>
      <input_file id="fl-54">
         <path>D:\Program\ti\ccs1220\ccs\tools\compiler\ti-cgt-c2000_22.6.0.LTS\lib\</path>
         <kind>archive</kind>
         <file>rts2800_fpu32_eabi.lib</file>
         <name>autoinit.c.obj</name>
      </input_file>
      <input_file id="fl-55">
         <path>D:\Program\ti\ccs1220\ccs\tools\compiler\ti-cgt-c2000_22.6.0.LTS\lib\</path>
         <kind>archive</kind>
         <file>rts2800_fpu32_eabi.lib</file>
         <name>copy_zero_init.c.obj</name>
      </input_file>
      <input_file id="fl-56">
         <path>D:\Program\ti\ccs1220\ccs\tools\compiler\ti-cgt-c2000_22.6.0.LTS\lib\</path>
         <kind>archive</kind>
         <file>rts2800_fpu32_eabi.lib</file>
         <name>copy_decompress_none.c.obj</name>
      </input_file>
      <input_file id="fl-57">
         <path>D:\Program\ti\ccs1220\ccs\tools\compiler\ti-cgt-c2000_22.6.0.LTS\lib\</path>
         <kind>archive</kind>
         <file>rts2800_fpu32_eabi.lib</file>
         <name>copy_decompress_lzss.c.obj</name>
      </input_file>
      <input_file id="fl-58">
         <path>D:\Program\ti\ccs1220\ccs\tools\compiler\ti-cgt-c2000_22.6.0.LTS\lib\</path>
         <kind>archive</kind>
         <file>rts2800_fpu32_eabi.lib</file>
         <name>e_rem_pio2.c.obj</name>
      </input_file>
      <input_file id="fl-59">
         <path>D:\Program\ti\ccs1220\ccs\tools\compiler\ti-cgt-c2000_22.6.0.LTS\lib\</path>
         <kind>archive</kind>
         <file>rts2800_fpu32_eabi.lib</file>
         <name>k_rem_pio2.c.obj</name>
      </input_file>
      <input_file id="fl-5a">
         <path>D:\Program\ti\ccs1220\ccs\tools\compiler\ti-cgt-c2000_22.6.0.LTS\lib\</path>
         <kind>archive</kind>
         <file>rts2800_fpu32_eabi.lib</file>
         <name>exit.c.obj</name>
      </input_file>
      <input_file id="fl-5b">
         <path>D:\Program\ti\ccs1220\ccs\tools\compiler\ti-cgt-c2000_22.6.0.LTS\lib\</path>
         <kind>archive</kind>
         <file>rts2800_fpu32_eabi.lib</file>
         <name>_lock.c.obj</name>
      </input_file>
      <input_file id="fl-5c">
         <path>D:\Program\ti\ccs1220\ccs\tools\compiler\ti-cgt-c2000_22.6.0.LTS\lib\</path>
         <kind>archive</kind>
         <file>rts2800_fpu32_eabi.lib</file>
         <name>args_main.c.obj</name>
      </input_file>
      <input_file id="fl-5d">
         <path>D:\Program\ti\ccs1220\ccs\tools\compiler\ti-cgt-c2000_22.6.0.LTS\lib\</path>
         <kind>archive</kind>
         <file>rts2800_fpu32_eabi.lib</file>
         <name>memset.c.obj</name>
      </input_file>
      <input_file id="fl-5e">
         <path>D:\Program\ti\ccs1220\ccs\tools\compiler\ti-cgt-c2000_22.6.0.LTS\lib\</path>
         <kind>archive</kind>
         <file>rts2800_fpu32_eabi.lib</file>
         <name>k_cos.c.obj</name>
      </input_file>
      <input_file id="fl-5f">
         <path>D:\Program\ti\ccs1220\ccs\tools\compiler\ti-cgt-c2000_22.6.0.LTS\lib\</path>
         <kind>archive</kind>
         <file>rts2800_fpu32_eabi.lib</file>
         <name>k_sin.c.obj</name>
      </input_file>
      <input_file id="fl-60">
         <path>D:\Program\ti\ccs1220\ccs\tools\compiler\ti-cgt-c2000_22.6.0.LTS\lib\</path>
         <kind>archive</kind>
         <file>rts2800_fpu32_eabi.lib</file>
         <name>s_floor.c.obj</name>
      </input_file>
      <input_file id="fl-61">
         <path>D:\Program\ti\ccs1220\ccs\tools\compiler\ti-cgt-c2000_22.6.0.LTS\lib\</path>
         <kind>archive</kind>
         <file>rts2800_fpu32_eabi.lib</file>
         <name>s_scalbn.c.obj</name>
      </input_file>
      <input_file id="fl-62">
         <path>D:\Program\ti\ccs1220\ccs\tools\compiler\ti-cgt-c2000_22.6.0.LTS\lib\</path>
         <kind>archive</kind>
         <file>rts2800_fpu32_eabi.lib</file>
         <name>s_copysign.c.obj</name>
      </input_file>
      <input_file id="fl-63">
         <path>D:\Program\ti\ccs1220\ccs\tools\compiler\ti-cgt-c2000_22.6.0.LTS\lib\</path>
         <kind>archive</kind>
         <file>rts2800_fpu32_eabi.lib</file>
         <name>fd_add28.asm.obj</name>
      </input_file>
      <input_file id="fl-64">
         <path>D:\Program\ti\ccs1220\ccs\tools\compiler\ti-cgt-c2000_22.6.0.LTS\lib\</path>
         <kind>archive</kind>
         <file>rts2800_fpu32_eabi.lib</file>
         <name>fd_cmp28.asm.obj</name>
      </input_file>
      <input_file id="fl-65">
         <path>D:\Program\ti\ccs1220\ccs\tools\compiler\ti-cgt-c2000_22.6.0.LTS\lib\</path>
         <kind>archive</kind>
         <file>rts2800_fpu32_eabi.lib</file>
         <name>fd_mpy28.asm.obj</name>
      </input_file>
      <input_file id="fl-66">
         <path>D:\Program\ti\ccs1220\ccs\tools\compiler\ti-cgt-c2000_22.6.0.LTS\lib\</path>
         <kind>archive</kind>
         <file>rts2800_fpu32_eabi.lib</file>
         <name>fd_tol28.asm.obj</name>
      </input_file>
      <input_file id="fl-67">
         <path>D:\Program\ti\ccs1220\ccs\tools\compiler\ti-cgt-c2000_22.6.0.LTS\lib\</path>
         <kind>archive</kind>
         <file>rts2800_fpu32_eabi.lib</file>
         <name>ll_aox28.asm.obj</name>
      </input_file>
      <input_file id="fl-68">
         <path>D:\Program\ti\ccs1220\ccs\tools\compiler\ti-cgt-c2000_22.6.0.LTS\lib\</path>
         <kind>archive</kind>
         <file>rts2800_fpu32_eabi.lib</file>
         <name>i_div28.asm.obj</name>
      </input_file>
      <input_file id="fl-69">
         <path>D:\Program\ti\ccs1220\ccs\tools\compiler\ti-cgt-c2000_22.6.0.LTS\lib\</path>
         <kind>archive</kind>
         <file>rts2800_fpu32_eabi.lib</file>
         <name>l_tofd28.asm.obj</name>
      </input_file>
      <input_file id="fl-6a">
         <path>D:\Program\ti\ccs1220\ccs\tools\compiler\ti-cgt-c2000_22.6.0.LTS\lib\</path>
         <kind>archive</kind>
         <file>rts2800_fpu32_eabi.lib</file>
         <name>cpy_tbl.c.obj</name>
      </input_file>
      <input_file id="fl-6b">
         <path>D:\Program\ti\ccs1220\ccs\tools\compiler\ti-cgt-c2000_22.6.0.LTS\lib\</path>
         <kind>archive</kind>
         <file>rts2800_fpu32_eabi.lib</file>
         <name>memcpy.c.obj</name>
      </input_file>
      <input_file id="fl-6c">
         <path>D:\Program\ti\ccs1220\ccs\tools\compiler\ti-cgt-c2000_22.6.0.LTS\lib\</path>
         <kind>archive</kind>
         <file>rts2800_fpu32_eabi.lib</file>
         <name>startup.c.obj</name>
      </input_file>
      <input_file id="fl-6d">
         <path>D:\Program\ti\ccs1220\ccs\tools\compiler\ti-cgt-c2000_22.6.0.LTS\lib\</path>
         <kind>archive</kind>
         <file>rts2800_fpu32_eabi.lib</file>
         <name>errno.c.obj</name>
      </input_file>
   </input_file_list>
   <object_component_list>
      <object_component id="oc-27">
         <name>codestart</name>
         <load_address>0x0</load_address>
         <run_address>0x0</run_address>
         <size>0x2</size>
         <input_file_ref idref="fl-7"/>
      </object_component>
      <object_component id="oc-4d3">
         <name>.TI.ramfunc</name>
         <load_address>0x128</load_address>
         <run_address>0x128</run_address>
         <size>0x4</size>
         <input_file_ref idref="fl-36"/>
      </object_component>
      <object_component id="oc-5d4">
         <name>.text</name>
         <load_address>0x8000</load_address>
         <run_address>0x8000</run_address>
         <size>0x67d</size>
         <input_file_ref idref="fl-59"/>
      </object_component>
      <object_component id="oc-559">
         <name>.text</name>
         <load_address>0x867d</load_address>
         <run_address>0x867d</run_address>
         <size>0x125</size>
         <input_file_ref idref="fl-5f"/>
      </object_component>
      <object_component id="oc-515">
         <name>.text:GPIO_setAnalogMode</name>
         <load_address>0x87a2</load_address>
         <run_address>0x87a2</run_address>
         <size>0x49</size>
         <input_file_ref idref="fl-29"/>
      </object_component>
      <object_component id="oc-51d">
         <name>.text:GPIO_unlockPortConfig</name>
         <load_address>0x87eb</load_address>
         <run_address>0x87eb</run_address>
         <size>0x15</size>
         <input_file_ref idref="fl-5"/>
      </object_component>
      <object_component id="oc-553">
         <name>.text</name>
         <load_address>0x8800</load_address>
         <run_address>0x8800</run_address>
         <size>0x431</size>
         <input_file_ref idref="fl-58"/>
      </object_component>
      <object_component id="oc-548">
         <name>.text</name>
         <load_address>0x8c31</load_address>
         <run_address>0x8c31</run_address>
         <size>0x113</size>
         <input_file_ref idref="fl-5e"/>
      </object_component>
      <object_component id="oc-4f7">
         <name>.text:SysCtl_setClock</name>
         <load_address>0x8d44</load_address>
         <run_address>0x8d44</run_address>
         <size>0xfc</size>
         <input_file_ref idref="fl-36"/>
      </object_component>
      <object_component id="oc-58b">
         <name>.text:SysCtl_isPLLValid</name>
         <load_address>0x8e40</load_address>
         <run_address>0x8e40</run_address>
         <size>0xf2</size>
         <input_file_ref idref="fl-36"/>
      </object_component>
      <object_component id="oc-509">
         <name>.text:Device_enableAllPeripherals</name>
         <load_address>0x8f32</load_address>
         <run_address>0x8f32</run_address>
         <size>0xce</size>
         <input_file_ref idref="fl-5"/>
      </object_component>
      <object_component id="oc-663">
         <name>.text</name>
         <load_address>0x9000</load_address>
         <run_address>0x9000</run_address>
         <size>0xe8</size>
         <input_file_ref idref="fl-60"/>
      </object_component>
      <object_component id="oc-4c2">
         <name>.text</name>
         <load_address>0x90e8</load_address>
         <run_address>0x90e8</run_address>
         <size>0xce</size>
         <input_file_ref idref="fl-4a"/>
      </object_component>
      <object_component id="oc-65d">
         <name>.text</name>
         <load_address>0x91b6</load_address>
         <run_address>0x91b6</run_address>
         <size>0xa9</size>
         <input_file_ref idref="fl-61"/>
      </object_component>
      <object_component id="oc-5b5">
         <name>.text</name>
         <load_address>0x925f</load_address>
         <run_address>0x925f</run_address>
         <size>0x9c</size>
         <input_file_ref idref="fl-63"/>
      </object_component>
      <object_component id="oc-5f6">
         <name>.text</name>
         <load_address>0x92fb</load_address>
         <run_address>0x92fb</run_address>
         <size>0x88</size>
         <input_file_ref idref="fl-4f"/>
      </object_component>
      <object_component id="oc-5ad">
         <name>.text</name>
         <load_address>0x9383</load_address>
         <run_address>0x9383</run_address>
         <size>0x83</size>
         <input_file_ref idref="fl-65"/>
      </object_component>
      <object_component id="oc-4a9">
         <name>.text:GPIO_setPadConfig</name>
         <load_address>0x9406</load_address>
         <run_address>0x9406</run_address>
         <size>0x48</size>
         <input_file_ref idref="fl-29"/>
      </object_component>
      <object_component id="oc-466">
         <name>.text:main</name>
         <load_address>0x944e</load_address>
         <run_address>0x944e</run_address>
         <size>0x46</size>
         <input_file_ref idref="fl-4"/>
      </object_component>
      <object_component id="oc-4b5">
         <name>.text:Interrupt_initModule</name>
         <load_address>0x9494</load_address>
         <run_address>0x9494</run_address>
         <size>0x3d</size>
         <input_file_ref idref="fl-2e"/>
      </object_component>
      <object_component id="oc-57f">
         <name>.text:SysCtl_selectOscSource</name>
         <load_address>0x94d1</load_address>
         <run_address>0x94d1</run_address>
         <size>0x32</size>
         <input_file_ref idref="fl-36"/>
      </object_component>
      <object_component id="oc-62b">
         <name>.text:DCC_setCounterSeeds</name>
         <load_address>0x9503</load_address>
         <run_address>0x9503</run_address>
         <size>0x2f</size>
         <input_file_ref idref="fl-36"/>
      </object_component>
      <object_component id="oc-15">
         <name>.text:decompress:lzss</name>
         <load_address>0x9532</load_address>
         <run_address>0x9532</run_address>
         <size>0x2e</size>
         <input_file_ref idref="fl-57"/>
      </object_component>
      <object_component id="oc-5e8">
         <name>.text:SysCtl_selectXTAL</name>
         <load_address>0x9560</load_address>
         <run_address>0x9560</run_address>
         <size>0x2b</size>
         <input_file_ref idref="fl-36"/>
      </object_component>
      <object_component id="oc-436">
         <name>.text:__TI_auto_init_nobinit_nopinit</name>
         <load_address>0x958b</load_address>
         <run_address>0x958b</run_address>
         <size>0x2b</size>
         <input_file_ref idref="fl-54"/>
      </object_component>
      <object_component id="oc-5cf">
         <name>.text</name>
         <load_address>0x95b6</load_address>
         <run_address>0x95b6</run_address>
         <size>0x2a</size>
         <input_file_ref idref="fl-64"/>
      </object_component>
      <object_component id="oc-389">
         <name>.text</name>
         <load_address>0x95e0</load_address>
         <run_address>0x95e0</run_address>
         <size>0x29</size>
         <input_file_ref idref="fl-5a"/>
      </object_component>
      <object_component id="oc-4af">
         <name>.text:GPIO_setDirectionMode</name>
         <load_address>0x9609</load_address>
         <run_address>0x9609</run_address>
         <size>0x27</size>
         <input_file_ref idref="fl-29"/>
      </object_component>
      <object_component id="oc-69a">
         <name>.text</name>
         <load_address>0x9630</load_address>
         <run_address>0x9630</run_address>
         <size>0x24</size>
         <input_file_ref idref="fl-62"/>
      </object_component>
      <object_component id="oc-676">
         <name>.text:SysCtl_pollX1Counter</name>
         <load_address>0x9654</load_address>
         <run_address>0x9654</run_address>
         <size>0x23</size>
         <input_file_ref idref="fl-36"/>
      </object_component>
      <object_component id="oc-4c8">
         <name>.text</name>
         <load_address>0x9677</load_address>
         <run_address>0x9677</run_address>
         <size>0x23</size>
         <input_file_ref idref="fl-52"/>
      </object_component>
      <object_component id="oc-652">
         <name>.text</name>
         <load_address>0x969a</load_address>
         <run_address>0x969a</run_address>
         <size>0x22</size>
         <input_file_ref idref="fl-68"/>
      </object_component>
      <object_component id="oc-542">
         <name>.text</name>
         <load_address>0x96bc</load_address>
         <run_address>0x96bc</run_address>
         <size>0x21</size>
         <input_file_ref idref="fl-4e"/>
      </object_component>
      <object_component id="oc-5c2">
         <name>.text</name>
         <load_address>0x96dd</load_address>
         <run_address>0x96dd</run_address>
         <size>0x1f</size>
         <input_file_ref idref="fl-66"/>
      </object_component>
      <object_component id="oc-4bb">
         <name>.text:Interrupt_initVectorTable</name>
         <load_address>0x96fc</load_address>
         <run_address>0x96fc</run_address>
         <size>0x1e</size>
         <input_file_ref idref="fl-2e"/>
      </object_component>
      <object_component id="oc-368">
         <name>.text</name>
         <load_address>0x971a</load_address>
         <run_address>0x971a</run_address>
         <size>0x1d</size>
         <input_file_ref idref="fl-6b"/>
      </object_component>
      <object_component id="oc-4cd">
         <name>.text:GPIO_writePin</name>
         <load_address>0x9737</load_address>
         <run_address>0x9737</run_address>
         <size>0x1c</size>
         <input_file_ref idref="fl-4"/>
      </object_component>
      <object_component id="oc-5c7">
         <name>.text</name>
         <load_address>0x9753</load_address>
         <run_address>0x9753</run_address>
         <size>0x1c</size>
         <input_file_ref idref="fl-69"/>
      </object_component>
      <object_component id="oc-631">
         <name>.text:DCC_enableSingleShotMode</name>
         <load_address>0x976f</load_address>
         <run_address>0x976f</run_address>
         <size>0x1a</size>
         <input_file_ref idref="fl-36"/>
      </object_component>
      <object_component id="oc-49d">
         <name>.text:Device_init</name>
         <load_address>0x9789</load_address>
         <run_address>0x9789</run_address>
         <size>0x1a</size>
         <input_file_ref idref="fl-5"/>
      </object_component>
      <object_component id="oc-5ee">
         <name>.text:SysCtl_selectXTALSingleEnded</name>
         <load_address>0x97a3</load_address>
         <run_address>0x97a3</run_address>
         <size>0x1a</size>
         <input_file_ref idref="fl-36"/>
      </object_component>
      <object_component id="oc-5bd">
         <name>.text</name>
         <load_address>0x97bd</load_address>
         <run_address>0x97bd</run_address>
         <size>0x18</size>
         <input_file_ref idref="fl-67"/>
      </object_component>
      <object_component id="oc-595">
         <name>.text:SysCtl_enablePeripheral</name>
         <load_address>0x97d5</load_address>
         <run_address>0x97d5</run_address>
         <size>0x17</size>
         <input_file_ref idref="fl-5"/>
      </object_component>
      <object_component id="oc-61f">
         <name>.text:DCC_setCounter0ClkSource</name>
         <load_address>0x97ec</load_address>
         <run_address>0x97ec</run_address>
         <size>0x14</size>
         <input_file_ref idref="fl-36"/>
      </object_component>
      <object_component id="oc-5fb">
         <name>.text:SysCtl_enablePeripheral</name>
         <load_address>0x9800</load_address>
         <run_address>0x9800</run_address>
         <size>0x17</size>
         <input_file_ref idref="fl-36"/>
      </object_component>
      <object_component id="oc-22">
         <name>.text</name>
         <load_address>0x9817</load_address>
         <run_address>0x9817</run_address>
         <size>0x17</size>
         <input_file_ref idref="fl-4b"/>
      </object_component>
      <object_component id="oc-625">
         <name>.text:DCC_setCounter1ClkSource</name>
         <load_address>0x982e</load_address>
         <run_address>0x982e</run_address>
         <size>0x14</size>
         <input_file_ref idref="fl-36"/>
      </object_component>
      <object_component id="oc-585">
         <name>.text:SysCtl_setPLLSysClk</name>
         <load_address>0x9842</load_address>
         <run_address>0x9842</run_address>
         <size>0x14</size>
         <input_file_ref idref="fl-36"/>
      </object_component>
      <object_component id="oc-4a3">
         <name>.text:Device_initGPIO</name>
         <load_address>0x9856</load_address>
         <run_address>0x9856</run_address>
         <size>0x10</size>
         <input_file_ref idref="fl-5"/>
      </object_component>
      <object_component id="oc-52f">
         <name>.text:Interrupt_defaultHandler</name>
         <load_address>0x9866</load_address>
         <run_address>0x9866</run_address>
         <size>0xe</size>
         <input_file_ref idref="fl-2e"/>
      </object_component>
      <object_component id="oc-54e">
         <name>.text</name>
         <load_address>0x9874</load_address>
         <run_address>0x9874</run_address>
         <size>0xe</size>
         <input_file_ref idref="fl-4d"/>
      </object_component>
      <object_component id="oc-359">
         <name>.text:EMPTY_ISR</name>
         <load_address>0x9882</load_address>
         <run_address>0x9882</run_address>
         <size>0xd</size>
         <input_file_ref idref="fl-a"/>
      </object_component>
      <object_component id="oc-527">
         <name>.text:Interrupt_disableGlobal</name>
         <load_address>0x988f</load_address>
         <run_address>0x988f</run_address>
         <size>0xd</size>
         <input_file_ref idref="fl-2e"/>
      </object_component>
      <object_component id="oc-4fd">
         <name>.text:SysCtl_setLowSpeedClock</name>
         <load_address>0x989c</load_address>
         <run_address>0x989c</run_address>
         <size>0xd</size>
         <input_file_ref idref="fl-5"/>
      </object_component>
      <object_component id="oc-619">
         <name>.text:DCC_disableDoneSignal</name>
         <load_address>0x98a9</load_address>
         <run_address>0x98a9</run_address>
         <size>0xc</size>
         <input_file_ref idref="fl-36"/>
      </object_component>
      <object_component id="oc-383">
         <name>.text</name>
         <load_address>0x98b5</load_address>
         <run_address>0x98b5</run_address>
         <size>0xc</size>
         <input_file_ref idref="fl-5c"/>
      </object_component>
      <object_component id="oc-607">
         <name>.text:DCC_clearDoneFlag</name>
         <load_address>0x98c1</load_address>
         <run_address>0x98c1</run_address>
         <size>0xb</size>
         <input_file_ref idref="fl-36"/>
      </object_component>
      <object_component id="oc-601">
         <name>.text:DCC_clearErrorFlag</name>
         <load_address>0x98cc</load_address>
         <run_address>0x98cc</run_address>
         <size>0xb</size>
         <input_file_ref idref="fl-36"/>
      </object_component>
      <object_component id="oc-613">
         <name>.text:DCC_disableErrorSignal</name>
         <load_address>0x98d7</load_address>
         <run_address>0x98d7</run_address>
         <size>0xb</size>
         <input_file_ref idref="fl-36"/>
      </object_component>
      <object_component id="oc-60d">
         <name>.text:DCC_disableModule</name>
         <load_address>0x98e2</load_address>
         <run_address>0x98e2</run_address>
         <size>0xb</size>
         <input_file_ref idref="fl-36"/>
      </object_component>
      <object_component id="oc-637">
         <name>.text:DCC_enableModule</name>
         <load_address>0x98ed</load_address>
         <run_address>0x98ed</run_address>
         <size>0xb</size>
         <input_file_ref idref="fl-36"/>
      </object_component>
      <object_component id="oc-579">
         <name>.text:SysCtl_isMCDClockFailureDetected</name>
         <load_address>0x98f8</load_address>
         <run_address>0x98f8</run_address>
         <size>0xb</size>
         <input_file_ref idref="fl-36"/>
      </object_component>
      <object_component id="oc-a1">
         <name>.text:ADCA1_ISR</name>
         <load_address>0x9903</load_address>
         <run_address>0x9903</run_address>
         <size>0xa</size>
         <input_file_ref idref="fl-a"/>
      </object_component>
      <object_component id="oc-1df">
         <name>.text:ADCA2_ISR</name>
         <load_address>0x990d</load_address>
         <run_address>0x990d</run_address>
         <size>0xa</size>
         <input_file_ref idref="fl-a"/>
      </object_component>
      <object_component id="oc-1e5">
         <name>.text:ADCA3_ISR</name>
         <load_address>0x9917</load_address>
         <run_address>0x9917</run_address>
         <size>0xa</size>
         <input_file_ref idref="fl-a"/>
      </object_component>
      <object_component id="oc-1eb">
         <name>.text:ADCA4_ISR</name>
         <load_address>0x9921</load_address>
         <run_address>0x9921</run_address>
         <size>0xa</size>
         <input_file_ref idref="fl-a"/>
      </object_component>
      <object_component id="oc-1d9">
         <name>.text:ADCA_EVT_ISR</name>
         <load_address>0x992b</load_address>
         <run_address>0x992b</run_address>
         <size>0xa</size>
         <input_file_ref idref="fl-a"/>
      </object_component>
      <object_component id="oc-a7">
         <name>.text:ADCB1_ISR</name>
         <load_address>0x9935</load_address>
         <run_address>0x9935</run_address>
         <size>0xa</size>
         <input_file_ref idref="fl-a"/>
      </object_component>
      <object_component id="oc-1f7">
         <name>.text:ADCB2_ISR</name>
         <load_address>0x993f</load_address>
         <run_address>0x993f</run_address>
         <size>0xa</size>
         <input_file_ref idref="fl-a"/>
      </object_component>
      <object_component id="oc-1fd">
         <name>.text:ADCB3_ISR</name>
         <load_address>0x9949</load_address>
         <run_address>0x9949</run_address>
         <size>0xa</size>
         <input_file_ref idref="fl-a"/>
      </object_component>
      <object_component id="oc-203">
         <name>.text:ADCB4_ISR</name>
         <load_address>0x9953</load_address>
         <run_address>0x9953</run_address>
         <size>0xa</size>
         <input_file_ref idref="fl-a"/>
      </object_component>
      <object_component id="oc-1f1">
         <name>.text:ADCB_EVT_ISR</name>
         <load_address>0x995d</load_address>
         <run_address>0x995d</run_address>
         <size>0xa</size>
         <input_file_ref idref="fl-a"/>
      </object_component>
      <object_component id="oc-ad">
         <name>.text:ADCC1_ISR</name>
         <load_address>0x9967</load_address>
         <run_address>0x9967</run_address>
         <size>0xa</size>
         <input_file_ref idref="fl-a"/>
      </object_component>
      <object_component id="oc-317">
         <name>.text:ADCC2_ISR</name>
         <load_address>0x9971</load_address>
         <run_address>0x9971</run_address>
         <size>0xa</size>
         <input_file_ref idref="fl-a"/>
      </object_component>
      <object_component id="oc-31d">
         <name>.text:ADCC3_ISR</name>
         <load_address>0x997b</load_address>
         <run_address>0x997b</run_address>
         <size>0xa</size>
         <input_file_ref idref="fl-a"/>
      </object_component>
      <object_component id="oc-323">
         <name>.text:ADCC4_ISR</name>
         <load_address>0x9985</load_address>
         <run_address>0x9985</run_address>
         <size>0xa</size>
         <input_file_ref idref="fl-a"/>
      </object_component>
      <object_component id="oc-311">
         <name>.text:ADCC_EVT_ISR</name>
         <load_address>0x998f</load_address>
         <run_address>0x998f</run_address>
         <size>0xa</size>
         <input_file_ref idref="fl-a"/>
      </object_component>
      <object_component id="oc-33b">
         <name>.text:AES_SINTREQUEST_ISR</name>
         <load_address>0x9999</load_address>
         <run_address>0x9999</run_address>
         <size>0xa</size>
         <input_file_ref idref="fl-a"/>
      </object_component>
      <object_component id="oc-341">
         <name>.text:BGCRC_CLA1_ISR</name>
         <load_address>0x99a3</load_address>
         <run_address>0x99a3</run_address>
         <size>0xa</size>
         <input_file_ref idref="fl-a"/>
      </object_component>
      <object_component id="oc-305">
         <name>.text:BGCRC_ISR</name>
         <load_address>0x99ad</load_address>
         <run_address>0x99ad</run_address>
         <size>0xa</size>
         <input_file_ref idref="fl-a"/>
      </object_component>
      <object_component id="oc-1cd">
         <name>.text:CANA0_ISR</name>
         <load_address>0x99b7</load_address>
         <run_address>0x99b7</run_address>
         <size>0xa</size>
         <input_file_ref idref="fl-a"/>
      </object_component>
      <object_component id="oc-1d3">
         <name>.text:CANA1_ISR</name>
         <load_address>0x99c1</load_address>
         <run_address>0x99c1</run_address>
         <size>0xa</size>
         <input_file_ref idref="fl-a"/>
      </object_component>
      <object_component id="oc-209">
         <name>.text:CLA1_1_ISR</name>
         <load_address>0x99cb</load_address>
         <run_address>0x99cb</run_address>
         <size>0xa</size>
         <input_file_ref idref="fl-a"/>
      </object_component>
      <object_component id="oc-20f">
         <name>.text:CLA1_2_ISR</name>
         <load_address>0x99d5</load_address>
         <run_address>0x99d5</run_address>
         <size>0xa</size>
         <input_file_ref idref="fl-a"/>
      </object_component>
      <object_component id="oc-215">
         <name>.text:CLA1_3_ISR</name>
         <load_address>0x99df</load_address>
         <run_address>0x99df</run_address>
         <size>0xa</size>
         <input_file_ref idref="fl-a"/>
      </object_component>
      <object_component id="oc-21b">
         <name>.text:CLA1_4_ISR</name>
         <load_address>0x99e9</load_address>
         <run_address>0x99e9</run_address>
         <size>0xa</size>
         <input_file_ref idref="fl-a"/>
      </object_component>
      <object_component id="oc-221">
         <name>.text:CLA1_5_ISR</name>
         <load_address>0x99f3</load_address>
         <run_address>0x99f3</run_address>
         <size>0xa</size>
         <input_file_ref idref="fl-a"/>
      </object_component>
      <object_component id="oc-227">
         <name>.text:CLA1_6_ISR</name>
         <load_address>0x99fd</load_address>
         <run_address>0x99fd</run_address>
         <size>0xa</size>
         <input_file_ref idref="fl-a"/>
      </object_component>
      <object_component id="oc-22d">
         <name>.text:CLA1_7_ISR</name>
         <load_address>0x9a07</load_address>
         <run_address>0x9a07</run_address>
         <size>0xa</size>
         <input_file_ref idref="fl-a"/>
      </object_component>
      <object_component id="oc-233">
         <name>.text:CLA1_8_ISR</name>
         <load_address>0x9a11</load_address>
         <run_address>0x9a11</run_address>
         <size>0xa</size>
         <input_file_ref idref="fl-a"/>
      </object_component>
      <object_component id="oc-347">
         <name>.text:CLA_OVERFLOW_ISR</name>
         <load_address>0x9a1b</load_address>
         <run_address>0x9a1b</run_address>
         <size>0xa</size>
         <input_file_ref idref="fl-a"/>
      </object_component>
      <object_component id="oc-34d">
         <name>.text:CLA_UNDERFLOW_ISR</name>
         <load_address>0x9a25</load_address>
         <run_address>0x9a25</run_address>
         <size>0xa</size>
         <input_file_ref idref="fl-a"/>
      </object_component>
      <object_component id="oc-149">
         <name>.text:CLB1_ISR</name>
         <load_address>0x9a2f</load_address>
         <run_address>0x9a2f</run_address>
         <size>0xa</size>
         <input_file_ref idref="fl-a"/>
      </object_component>
      <object_component id="oc-14f">
         <name>.text:CLB2_ISR</name>
         <load_address>0x9a39</load_address>
         <run_address>0x9a39</run_address>
         <size>0xa</size>
         <input_file_ref idref="fl-a"/>
      </object_component>
      <object_component id="oc-155">
         <name>.text:CLB3_ISR</name>
         <load_address>0x9a43</load_address>
         <run_address>0x9a43</run_address>
         <size>0xa</size>
         <input_file_ref idref="fl-a"/>
      </object_component>
      <object_component id="oc-15b">
         <name>.text:CLB4_ISR</name>
         <load_address>0x9a4d</load_address>
         <run_address>0x9a4d</run_address>
         <size>0xa</size>
         <input_file_ref idref="fl-a"/>
      </object_component>
      <object_component id="oc-3b">
         <name>.text:DATALOG_ISR</name>
         <load_address>0x9a57</load_address>
         <run_address>0x9a57</run_address>
         <size>0xa</size>
         <input_file_ref idref="fl-a"/>
      </object_component>
      <object_component id="oc-2c3">
         <name>.text:DCC0_ISR</name>
         <load_address>0x9a61</load_address>
         <run_address>0x9a61</run_address>
         <size>0xa</size>
         <input_file_ref idref="fl-a"/>
      </object_component>
      <object_component id="oc-2e7">
         <name>.text:DCC1_ISR</name>
         <load_address>0x9a6b</load_address>
         <run_address>0x9a6b</run_address>
         <size>0xa</size>
         <input_file_ref idref="fl-a"/>
      </object_component>
      <object_component id="oc-179">
         <name>.text:DMA_CH1_ISR</name>
         <load_address>0x9a75</load_address>
         <run_address>0x9a75</run_address>
         <size>0xa</size>
         <input_file_ref idref="fl-a"/>
      </object_component>
      <object_component id="oc-17f">
         <name>.text:DMA_CH2_ISR</name>
         <load_address>0x9a7f</load_address>
         <run_address>0x9a7f</run_address>
         <size>0xa</size>
         <input_file_ref idref="fl-a"/>
      </object_component>
      <object_component id="oc-185">
         <name>.text:DMA_CH3_ISR</name>
         <load_address>0x9a89</load_address>
         <run_address>0x9a89</run_address>
         <size>0xa</size>
         <input_file_ref idref="fl-a"/>
      </object_component>
      <object_component id="oc-18b">
         <name>.text:DMA_CH4_ISR</name>
         <load_address>0x9a93</load_address>
         <run_address>0x9a93</run_address>
         <size>0xa</size>
         <input_file_ref idref="fl-a"/>
      </object_component>
      <object_component id="oc-191">
         <name>.text:DMA_CH5_ISR</name>
         <load_address>0x9a9d</load_address>
         <run_address>0x9a9d</run_address>
         <size>0xa</size>
         <input_file_ref idref="fl-a"/>
      </object_component>
      <object_component id="oc-197">
         <name>.text:DMA_CH6_ISR</name>
         <load_address>0x9aa7</load_address>
         <run_address>0x9aa7</run_address>
         <size>0xa</size>
         <input_file_ref idref="fl-a"/>
      </object_component>
      <object_component id="oc-12b">
         <name>.text:ECAP1_ISR</name>
         <load_address>0x9ab1</load_address>
         <run_address>0x9ab1</run_address>
         <size>0xa</size>
         <input_file_ref idref="fl-a"/>
      </object_component>
      <object_component id="oc-131">
         <name>.text:ECAP2_ISR</name>
         <load_address>0x9abb</load_address>
         <run_address>0x9abb</run_address>
         <size>0xa</size>
         <input_file_ref idref="fl-a"/>
      </object_component>
      <object_component id="oc-269">
         <name>.text:ECAP3_2_ISR</name>
         <load_address>0x9ac5</load_address>
         <run_address>0x9ac5</run_address>
         <size>0xa</size>
         <input_file_ref idref="fl-a"/>
      </object_component>
      <object_component id="oc-137">
         <name>.text:ECAP3_ISR</name>
         <load_address>0x9acf</load_address>
         <run_address>0x9acf</run_address>
         <size>0xa</size>
         <input_file_ref idref="fl-a"/>
      </object_component>
      <object_component id="oc-47">
         <name>.text:EMU_ISR</name>
         <load_address>0x9ad9</load_address>
         <run_address>0x9ad9</run_address>
         <size>0xa</size>
         <input_file_ref idref="fl-a"/>
      </object_component>
      <object_component id="oc-fb">
         <name>.text:EPWM1_ISR</name>
         <load_address>0x9ae3</load_address>
         <run_address>0x9ae3</run_address>
         <size>0xa</size>
         <input_file_ref idref="fl-a"/>
      </object_component>
      <object_component id="oc-cb">
         <name>.text:EPWM1_TZ_ISR</name>
         <load_address>0x9aed</load_address>
         <run_address>0x9aed</run_address>
         <size>0xa</size>
         <input_file_ref idref="fl-a"/>
      </object_component>
      <object_component id="oc-101">
         <name>.text:EPWM2_ISR</name>
         <load_address>0x9af7</load_address>
         <run_address>0x9af7</run_address>
         <size>0xa</size>
         <input_file_ref idref="fl-a"/>
      </object_component>
      <object_component id="oc-d1">
         <name>.text:EPWM2_TZ_ISR</name>
         <load_address>0x9b01</load_address>
         <run_address>0x9b01</run_address>
         <size>0xa</size>
         <input_file_ref idref="fl-a"/>
      </object_component>
      <object_component id="oc-107">
         <name>.text:EPWM3_ISR</name>
         <load_address>0x9b0b</load_address>
         <run_address>0x9b0b</run_address>
         <size>0xa</size>
         <input_file_ref idref="fl-a"/>
      </object_component>
      <object_component id="oc-d7">
         <name>.text:EPWM3_TZ_ISR</name>
         <load_address>0x9b15</load_address>
         <run_address>0x9b15</run_address>
         <size>0xa</size>
         <input_file_ref idref="fl-a"/>
      </object_component>
      <object_component id="oc-10d">
         <name>.text:EPWM4_ISR</name>
         <load_address>0x9b1f</load_address>
         <run_address>0x9b1f</run_address>
         <size>0xa</size>
         <input_file_ref idref="fl-a"/>
      </object_component>
      <object_component id="oc-dd">
         <name>.text:EPWM4_TZ_ISR</name>
         <load_address>0x9b29</load_address>
         <run_address>0x9b29</run_address>
         <size>0xa</size>
         <input_file_ref idref="fl-a"/>
      </object_component>
      <object_component id="oc-113">
         <name>.text:EPWM5_ISR</name>
         <load_address>0x9b33</load_address>
         <run_address>0x9b33</run_address>
         <size>0xa</size>
         <input_file_ref idref="fl-a"/>
      </object_component>
      <object_component id="oc-e3">
         <name>.text:EPWM5_TZ_ISR</name>
         <load_address>0x9b3d</load_address>
         <run_address>0x9b3d</run_address>
         <size>0xa</size>
         <input_file_ref idref="fl-a"/>
      </object_component>
      <object_component id="oc-119">
         <name>.text:EPWM6_ISR</name>
         <load_address>0x9b47</load_address>
         <run_address>0x9b47</run_address>
         <size>0xa</size>
         <input_file_ref idref="fl-a"/>
      </object_component>
      <object_component id="oc-e9">
         <name>.text:EPWM6_TZ_ISR</name>
         <load_address>0x9b51</load_address>
         <run_address>0x9b51</run_address>
         <size>0xa</size>
         <input_file_ref idref="fl-a"/>
      </object_component>
      <object_component id="oc-11f">
         <name>.text:EPWM7_ISR</name>
         <load_address>0x9b5b</load_address>
         <run_address>0x9b5b</run_address>
         <size>0xa</size>
         <input_file_ref idref="fl-a"/>
      </object_component>
      <object_component id="oc-ef">
         <name>.text:EPWM7_TZ_ISR</name>
         <load_address>0x9b65</load_address>
         <run_address>0x9b65</run_address>
         <size>0xa</size>
         <input_file_ref idref="fl-a"/>
      </object_component>
      <object_component id="oc-125">
         <name>.text:EPWM8_ISR</name>
         <load_address>0x9b6f</load_address>
         <run_address>0x9b6f</run_address>
         <size>0xa</size>
         <input_file_ref idref="fl-a"/>
      </object_component>
      <object_component id="oc-f5">
         <name>.text:EPWM8_TZ_ISR</name>
         <load_address>0x9b79</load_address>
         <run_address>0x9b79</run_address>
         <size>0xa</size>
         <input_file_ref idref="fl-a"/>
      </object_component>
      <object_component id="oc-13d">
         <name>.text:EQEP1_ISR</name>
         <load_address>0x9b83</load_address>
         <run_address>0x9b83</run_address>
         <size>0xa</size>
         <input_file_ref idref="fl-a"/>
      </object_component>
      <object_component id="oc-143">
         <name>.text:EQEP2_ISR</name>
         <load_address>0x9b8d</load_address>
         <run_address>0x9b8d</run_address>
         <size>0xa</size>
         <input_file_ref idref="fl-a"/>
      </object_component>
      <object_component id="oc-32f">
         <name>.text:FLASH_CORR_ERR_ISR</name>
         <load_address>0x9b97</load_address>
         <run_address>0x9b97</run_address>
         <size>0xa</size>
         <input_file_ref idref="fl-a"/>
      </object_component>
      <object_component id="oc-251">
         <name>.text:FMC_ISR</name>
         <load_address>0x9ba1</load_address>
         <run_address>0x9ba1</run_address>
         <size>0xa</size>
         <input_file_ref idref="fl-a"/>
      </object_component>
      <object_component id="oc-257">
         <name>.text:FPU_OVERFLOW_ISR</name>
         <load_address>0x9bab</load_address>
         <run_address>0x9bab</run_address>
         <size>0xa</size>
         <input_file_ref idref="fl-a"/>
      </object_component>
      <object_component id="oc-25d">
         <name>.text:FPU_UNDERFLOW_ISR</name>
         <load_address>0x9bb5</load_address>
         <run_address>0x9bb5</run_address>
         <size>0xa</size>
         <input_file_ref idref="fl-a"/>
      </object_component>
      <object_component id="oc-2b7">
         <name>.text:FSIRXA1_ISR</name>
         <load_address>0x9bbf</load_address>
         <run_address>0x9bbf</run_address>
         <size>0xa</size>
         <input_file_ref idref="fl-a"/>
      </object_component>
      <object_component id="oc-2bd">
         <name>.text:FSIRXA2_ISR</name>
         <load_address>0x9bc9</load_address>
         <run_address>0x9bc9</run_address>
         <size>0xa</size>
         <input_file_ref idref="fl-a"/>
      </object_component>
      <object_component id="oc-2ab">
         <name>.text:FSITXA1_ISR</name>
         <load_address>0x9bd3</load_address>
         <run_address>0x9bd3</run_address>
         <size>0xa</size>
         <input_file_ref idref="fl-a"/>
      </object_component>
      <object_component id="oc-2b1">
         <name>.text:FSITXA2_ISR</name>
         <load_address>0x9bdd</load_address>
         <run_address>0x9bdd</run_address>
         <size>0xa</size>
         <input_file_ref idref="fl-a"/>
      </object_component>
      <object_component id="oc-30b">
         <name>.text:HICA_ISR</name>
         <load_address>0x9be7</load_address>
         <run_address>0x9be7</run_address>
         <size>0xa</size>
         <input_file_ref idref="fl-a"/>
      </object_component>
      <object_component id="oc-1a3">
         <name>.text:I2CA_FIFO_ISR</name>
         <load_address>0x9bf1</load_address>
         <run_address>0x9bf1</run_address>
         <size>0xa</size>
         <input_file_ref idref="fl-a"/>
      </object_component>
      <object_component id="oc-19d">
         <name>.text:I2CA_ISR</name>
         <load_address>0x9bfb</load_address>
         <run_address>0x9bfb</run_address>
         <size>0xa</size>
         <input_file_ref idref="fl-a"/>
      </object_component>
      <object_component id="oc-1af">
         <name>.text:I2CB_FIFO_ISR</name>
         <load_address>0x9c05</load_address>
         <run_address>0x9c05</run_address>
         <size>0xa</size>
         <input_file_ref idref="fl-a"/>
      </object_component>
      <object_component id="oc-1a9">
         <name>.text:I2CB_ISR</name>
         <load_address>0x9c0f</load_address>
         <run_address>0x9c0f</run_address>
         <size>0xa</size>
         <input_file_ref idref="fl-a"/>
      </object_component>
      <object_component id="oc-53">
         <name>.text:ILLEGAL_ISR</name>
         <load_address>0x9c19</load_address>
         <run_address>0x9c19</run_address>
         <size>0xa</size>
         <input_file_ref idref="fl-a"/>
      </object_component>
      <object_component id="oc-2c9">
         <name>.text:LINA_0_ISR</name>
         <load_address>0x9c23</load_address>
         <run_address>0x9c23</run_address>
         <size>0xa</size>
         <input_file_ref idref="fl-a"/>
      </object_component>
      <object_component id="oc-2cf">
         <name>.text:LINA_1_ISR</name>
         <load_address>0x9c2d</load_address>
         <run_address>0x9c2d</run_address>
         <size>0xa</size>
         <input_file_ref idref="fl-a"/>
      </object_component>
      <object_component id="oc-2d5">
         <name>.text:LINB_0_ISR</name>
         <load_address>0x9c37</load_address>
         <run_address>0x9c37</run_address>
         <size>0xa</size>
         <input_file_ref idref="fl-a"/>
      </object_component>
      <object_component id="oc-2db">
         <name>.text:LINB_1_ISR</name>
         <load_address>0x9c41</load_address>
         <run_address>0x9c41</run_address>
         <size>0xa</size>
         <input_file_ref idref="fl-a"/>
      </object_component>
      <object_component id="oc-2ed">
         <name>.text:MCANA_0_ISR</name>
         <load_address>0x9c4b</load_address>
         <run_address>0x9c4b</run_address>
         <size>0xa</size>
         <input_file_ref idref="fl-a"/>
      </object_component>
      <object_component id="oc-2f3">
         <name>.text:MCANA_1_ISR</name>
         <load_address>0x9c55</load_address>
         <run_address>0x9c55</run_address>
         <size>0xa</size>
         <input_file_ref idref="fl-a"/>
      </object_component>
      <object_component id="oc-2f9">
         <name>.text:MCANA_ECC_ISR</name>
         <load_address>0x9c5f</load_address>
         <run_address>0x9c5f</run_address>
         <size>0xa</size>
         <input_file_ref idref="fl-a"/>
      </object_component>
      <object_component id="oc-2ff">
         <name>.text:MCANA_WAKE_ISR</name>
         <load_address>0x9c69</load_address>
         <run_address>0x9c69</run_address>
         <size>0xa</size>
         <input_file_ref idref="fl-a"/>
      </object_component>
      <object_component id="oc-24b">
         <name>.text:MPOST_ISR</name>
         <load_address>0x9c73</load_address>
         <run_address>0x9c73</run_address>
         <size>0xa</size>
         <input_file_ref idref="fl-a"/>
      </object_component>
      <object_component id="oc-4d">
         <name>.text:NMI_ISR</name>
         <load_address>0x9c7d</load_address>
         <run_address>0x9c7d</run_address>
         <size>0xa</size>
         <input_file_ref idref="fl-a"/>
      </object_component>
      <object_component id="oc-35f">
         <name>.text:NOTUSED_ISR</name>
         <load_address>0x9c87</load_address>
         <run_address>0x9c87</run_address>
         <size>0xa</size>
         <input_file_ref idref="fl-a"/>
      </object_component>
      <object_component id="oc-353">
         <name>.text:PIE_RESERVED_ISR</name>
         <load_address>0x9c91</load_address>
         <run_address>0x9c91</run_address>
         <size>0xa</size>
         <input_file_ref idref="fl-a"/>
      </object_component>
      <object_component id="oc-2e1">
         <name>.text:PMBUSA_ISR</name>
         <load_address>0x9c9b</load_address>
         <run_address>0x9c9b</run_address>
         <size>0xa</size>
         <input_file_ref idref="fl-a"/>
      </object_component>
      <object_component id="oc-335">
         <name>.text:RAM_ACC_VIOL_ISR</name>
         <load_address>0x9ca5</load_address>
         <run_address>0x9ca5</run_address>
         <size>0xa</size>
         <input_file_ref idref="fl-a"/>
      </object_component>
      <object_component id="oc-329">
         <name>.text:RAM_CORR_ERR_ISR</name>
         <load_address>0x9caf</load_address>
         <run_address>0x9caf</run_address>
         <size>0xa</size>
         <input_file_ref idref="fl-a"/>
      </object_component>
      <object_component id="oc-41">
         <name>.text:RTOS_ISR</name>
         <load_address>0x9cb9</load_address>
         <run_address>0x9cb9</run_address>
         <size>0xa</size>
         <input_file_ref idref="fl-a"/>
      </object_component>
      <object_component id="oc-1b5">
         <name>.text:SCIA_RX_ISR</name>
         <load_address>0x9cc3</load_address>
         <run_address>0x9cc3</run_address>
         <size>0xa</size>
         <input_file_ref idref="fl-a"/>
      </object_component>
      <object_component id="oc-1bb">
         <name>.text:SCIA_TX_ISR</name>
         <load_address>0x9ccd</load_address>
         <run_address>0x9ccd</run_address>
         <size>0xa</size>
         <input_file_ref idref="fl-a"/>
      </object_component>
      <object_component id="oc-1c1">
         <name>.text:SCIB_RX_ISR</name>
         <load_address>0x9cd7</load_address>
         <run_address>0x9cd7</run_address>
         <size>0xa</size>
         <input_file_ref idref="fl-a"/>
      </object_component>
      <object_component id="oc-1c7">
         <name>.text:SCIB_TX_ISR</name>
         <load_address>0x9ce1</load_address>
         <run_address>0x9ce1</run_address>
         <size>0xa</size>
         <input_file_ref idref="fl-a"/>
      </object_component>
      <object_component id="oc-27b">
         <name>.text:SDFM1DR1_ISR</name>
         <load_address>0x9ceb</load_address>
         <run_address>0x9ceb</run_address>
         <size>0xa</size>
         <input_file_ref idref="fl-a"/>
      </object_component>
      <object_component id="oc-281">
         <name>.text:SDFM1DR2_ISR</name>
         <load_address>0x9cf5</load_address>
         <run_address>0x9cf5</run_address>
         <size>0xa</size>
         <input_file_ref idref="fl-a"/>
      </object_component>
      <object_component id="oc-287">
         <name>.text:SDFM1DR3_ISR</name>
         <load_address>0x9cff</load_address>
         <run_address>0x9cff</run_address>
         <size>0xa</size>
         <input_file_ref idref="fl-a"/>
      </object_component>
      <object_component id="oc-28d">
         <name>.text:SDFM1DR4_ISR</name>
         <load_address>0x9d09</load_address>
         <run_address>0x9d09</run_address>
         <size>0xa</size>
         <input_file_ref idref="fl-a"/>
      </object_component>
      <object_component id="oc-26f">
         <name>.text:SDFM1_ISR</name>
         <load_address>0x9d13</load_address>
         <run_address>0x9d13</run_address>
         <size>0xa</size>
         <input_file_ref idref="fl-a"/>
      </object_component>
      <object_component id="oc-293">
         <name>.text:SDFM2DR1_ISR</name>
         <load_address>0x9d1d</load_address>
         <run_address>0x9d1d</run_address>
         <size>0xa</size>
         <input_file_ref idref="fl-a"/>
      </object_component>
      <object_component id="oc-299">
         <name>.text:SDFM2DR2_ISR</name>
         <load_address>0x9d27</load_address>
         <run_address>0x9d27</run_address>
         <size>0xa</size>
         <input_file_ref idref="fl-a"/>
      </object_component>
      <object_component id="oc-29f">
         <name>.text:SDFM2DR3_ISR</name>
         <load_address>0x9d31</load_address>
         <run_address>0x9d31</run_address>
         <size>0xa</size>
         <input_file_ref idref="fl-a"/>
      </object_component>
      <object_component id="oc-2a5">
         <name>.text:SDFM2DR4_ISR</name>
         <load_address>0x9d3b</load_address>
         <run_address>0x9d3b</run_address>
         <size>0xa</size>
         <input_file_ref idref="fl-a"/>
      </object_component>
      <object_component id="oc-275">
         <name>.text:SDFM2_ISR</name>
         <load_address>0x9d45</load_address>
         <run_address>0x9d45</run_address>
         <size>0xa</size>
         <input_file_ref idref="fl-a"/>
      </object_component>
      <object_component id="oc-161">
         <name>.text:SPIA_RX_ISR</name>
         <load_address>0x9d4f</load_address>
         <run_address>0x9d4f</run_address>
         <size>0xa</size>
         <input_file_ref idref="fl-a"/>
      </object_component>
      <object_component id="oc-167">
         <name>.text:SPIA_TX_ISR</name>
         <load_address>0x9d59</load_address>
         <run_address>0x9d59</run_address>
         <size>0xa</size>
         <input_file_ref idref="fl-a"/>
      </object_component>
      <object_component id="oc-16d">
         <name>.text:SPIB_RX_ISR</name>
         <load_address>0x9d63</load_address>
         <run_address>0x9d63</run_address>
         <size>0xa</size>
         <input_file_ref idref="fl-a"/>
      </object_component>
      <object_component id="oc-173">
         <name>.text:SPIB_TX_ISR</name>
         <load_address>0x9d6d</load_address>
         <run_address>0x9d6d</run_address>
         <size>0xa</size>
         <input_file_ref idref="fl-a"/>
      </object_component>
      <object_component id="oc-263">
         <name>.text:SYS_ERR_ISR</name>
         <load_address>0x9d77</load_address>
         <run_address>0x9d77</run_address>
         <size>0xa</size>
         <input_file_ref idref="fl-a"/>
      </object_component>
      <object_component id="oc-bf">
         <name>.text:TIMER0_ISR</name>
         <load_address>0x9d81</load_address>
         <run_address>0x9d81</run_address>
         <size>0xa</size>
         <input_file_ref idref="fl-a"/>
      </object_component>
      <object_component id="oc-2c">
         <name>.text:TIMER1_ISR</name>
         <load_address>0x9d8b</load_address>
         <run_address>0x9d8b</run_address>
         <size>0xa</size>
         <input_file_ref idref="fl-a"/>
      </object_component>
      <object_component id="oc-35">
         <name>.text:TIMER2_ISR</name>
         <load_address>0x9d95</load_address>
         <run_address>0x9d95</run_address>
         <size>0xa</size>
         <input_file_ref idref="fl-a"/>
      </object_component>
      <object_component id="oc-8f">
         <name>.text:USER10_ISR</name>
         <load_address>0x9d9f</load_address>
         <run_address>0x9d9f</run_address>
         <size>0xa</size>
         <input_file_ref idref="fl-a"/>
      </object_component>
      <object_component id="oc-95">
         <name>.text:USER11_ISR</name>
         <load_address>0x9da9</load_address>
         <run_address>0x9da9</run_address>
         <size>0xa</size>
         <input_file_ref idref="fl-a"/>
      </object_component>
      <object_component id="oc-9b">
         <name>.text:USER12_ISR</name>
         <load_address>0x9db3</load_address>
         <run_address>0x9db3</run_address>
         <size>0xa</size>
         <input_file_ref idref="fl-a"/>
      </object_component>
      <object_component id="oc-59">
         <name>.text:USER1_ISR</name>
         <load_address>0x9dbd</load_address>
         <run_address>0x9dbd</run_address>
         <size>0xa</size>
         <input_file_ref idref="fl-a"/>
      </object_component>
      <object_component id="oc-5f">
         <name>.text:USER2_ISR</name>
         <load_address>0x9dc7</load_address>
         <run_address>0x9dc7</run_address>
         <size>0xa</size>
         <input_file_ref idref="fl-a"/>
      </object_component>
      <object_component id="oc-65">
         <name>.text:USER3_ISR</name>
         <load_address>0x9dd1</load_address>
         <run_address>0x9dd1</run_address>
         <size>0xa</size>
         <input_file_ref idref="fl-a"/>
      </object_component>
      <object_component id="oc-6b">
         <name>.text:USER4_ISR</name>
         <load_address>0x9ddb</load_address>
         <run_address>0x9ddb</run_address>
         <size>0xa</size>
         <input_file_ref idref="fl-a"/>
      </object_component>
      <object_component id="oc-71">
         <name>.text:USER5_ISR</name>
         <load_address>0x9de5</load_address>
         <run_address>0x9de5</run_address>
         <size>0xa</size>
         <input_file_ref idref="fl-a"/>
      </object_component>
      <object_component id="oc-77">
         <name>.text:USER6_ISR</name>
         <load_address>0x9def</load_address>
         <run_address>0x9def</run_address>
         <size>0xa</size>
         <input_file_ref idref="fl-a"/>
      </object_component>
      <object_component id="oc-7d">
         <name>.text:USER7_ISR</name>
         <load_address>0x9df9</load_address>
         <run_address>0x9df9</run_address>
         <size>0xa</size>
         <input_file_ref idref="fl-a"/>
      </object_component>
      <object_component id="oc-83">
         <name>.text:USER8_ISR</name>
         <load_address>0x9e03</load_address>
         <run_address>0x9e03</run_address>
         <size>0xa</size>
         <input_file_ref idref="fl-a"/>
      </object_component>
      <object_component id="oc-89">
         <name>.text:USER9_ISR</name>
         <load_address>0x9e0d</load_address>
         <run_address>0x9e0d</run_address>
         <size>0xa</size>
         <input_file_ref idref="fl-a"/>
      </object_component>
      <object_component id="oc-c5">
         <name>.text:WAKE_ISR</name>
         <load_address>0x9e17</load_address>
         <run_address>0x9e17</run_address>
         <size>0xa</size>
         <input_file_ref idref="fl-a"/>
      </object_component>
      <object_component id="oc-b3">
         <name>.text:XINT1_ISR</name>
         <load_address>0x9e21</load_address>
         <run_address>0x9e21</run_address>
         <size>0xa</size>
         <input_file_ref idref="fl-a"/>
      </object_component>
      <object_component id="oc-b9">
         <name>.text:XINT2_ISR</name>
         <load_address>0x9e2b</load_address>
         <run_address>0x9e2b</run_address>
         <size>0xa</size>
         <input_file_ref idref="fl-a"/>
      </object_component>
      <object_component id="oc-239">
         <name>.text:XINT3_ISR</name>
         <load_address>0x9e35</load_address>
         <run_address>0x9e35</run_address>
         <size>0xa</size>
         <input_file_ref idref="fl-a"/>
      </object_component>
      <object_component id="oc-23f">
         <name>.text:XINT4_ISR</name>
         <load_address>0x9e3f</load_address>
         <run_address>0x9e3f</run_address>
         <size>0xa</size>
         <input_file_ref idref="fl-a"/>
      </object_component>
      <object_component id="oc-245">
         <name>.text:XINT5_ISR</name>
         <load_address>0x9e49</load_address>
         <run_address>0x9e49</run_address>
         <size>0xa</size>
         <input_file_ref idref="fl-a"/>
      </object_component>
      <object_component id="oc-4db">
         <name>.text</name>
         <load_address>0x9e53</load_address>
         <run_address>0x9e53</run_address>
         <size>0x9</size>
         <input_file_ref idref="fl-5b"/>
      </object_component>
      <object_component id="oc-55f">
         <name>.text</name>
         <load_address>0x9e5c</load_address>
         <run_address>0x9e5c</run_address>
         <size>0x9</size>
         <input_file_ref idref="fl-4c"/>
      </object_component>
      <object_component id="oc-4f1">
         <name>.text:SysCtl_disableWatchdog</name>
         <load_address>0x9e65</load_address>
         <run_address>0x9e65</run_address>
         <size>0x8</size>
         <input_file_ref idref="fl-5"/>
      </object_component>
      <object_component id="oc-1b">
         <name>.text:decompress:none</name>
         <load_address>0x9e6d</load_address>
         <run_address>0x9e6d</run_address>
         <size>0x8</size>
         <input_file_ref idref="fl-56"/>
      </object_component>
      <object_component id="oc-390">
         <name>.text</name>
         <load_address>0x9e75</load_address>
         <run_address>0x9e75</run_address>
         <size>0x8</size>
         <input_file_ref idref="fl-7"/>
      </object_component>
      <object_component id="oc-50f">
         <name>.text:ASysCtl_lockVREG</name>
         <load_address>0x9e7d</load_address>
         <run_address>0x9e7d</run_address>
         <size>0x7</size>
         <input_file_ref idref="fl-5"/>
      </object_component>
      <object_component id="oc-67c">
         <name>.text:SysCtl_resetMCD</name>
         <load_address>0x9e84</load_address>
         <run_address>0x9e84</run_address>
         <size>0x7</size>
         <input_file_ref idref="fl-36"/>
      </object_component>
      <object_component id="oc-503">
         <name>.text:SysCtl_deviceCal</name>
         <load_address>0x9e8b</load_address>
         <run_address>0x9e8b</run_address>
         <size>0x4</size>
         <input_file_ref idref="fl-5"/>
      </object_component>
      <object_component id="oc-53b">
         <name>.text:Interrupt_illegalOperationHandler</name>
         <load_address>0x9e8f</load_address>
         <run_address>0x9e8f</run_address>
         <size>0x2</size>
         <input_file_ref idref="fl-2e"/>
      </object_component>
      <object_component id="oc-535">
         <name>.text:Interrupt_nmiHandler</name>
         <load_address>0x9e91</load_address>
         <run_address>0x9e91</run_address>
         <size>0x2</size>
         <input_file_ref idref="fl-2e"/>
      </object_component>
      <object_component id="oc-37c">
         <name>.text</name>
         <load_address>0x9e93</load_address>
         <run_address>0x9e93</run_address>
         <size>0x2</size>
         <input_file_ref idref="fl-53"/>
      </object_component>
      <object_component id="oc-488">
         <name>.text</name>
         <load_address>0x9e95</load_address>
         <run_address>0x9e95</run_address>
         <size>0x1</size>
         <input_file_ref idref="fl-6c"/>
      </object_component>
      <object_component id="oc-6f0">
         <name>.cinit..data.load</name>
         <load_address>0x12c</load_address>
         <run_address>0x12c</run_address>
         <size>0x9</size>
      </object_component>
      <object_component id="oc-6ee">
         <name>__TI_handler_table</name>
         <load_address>0x136</load_address>
         <run_address>0x136</run_address>
         <size>0x4</size>
      </object_component>
      <object_component id="oc-6ef">
         <name>__TI_cinit_table</name>
         <load_address>0x13c</load_address>
         <run_address>0x13c</run_address>
         <size>0x4</size>
      </object_component>
      <object_component id="oc-365">
         <name>.stack</name>
         <uninitialized>true</uninitialized>
         <run_address>0x400</run_address>
         <size>0x0</size>
         <input_file_ref idref="fl-4b"/>
      </object_component>
      <object_component id="oc-6f1">
         <name>.stack</name>
         <uninitialized>true</uninitialized>
         <run_address>0x400</run_address>
         <size>0x0</size>
      </object_component>
      <object_component id="oc-32">
         <name>.const</name>
         <load_address>0xa800</load_address>
         <run_address>0xa800</run_address>
         <size>0x1c0</size>
         <input_file_ref idref="fl-10"/>
      </object_component>
      <object_component id="oc-657">
         <name>.const:ipio2</name>
         <load_address>0xa9c0</load_address>
         <run_address>0xa9c0</run_address>
         <size>0x84</size>
         <input_file_ref idref="fl-59"/>
      </object_component>
      <object_component id="oc-5b2">
         <name>.const</name>
         <load_address>0xaa44</load_address>
         <run_address>0xaa44</run_address>
         <size>0x3c</size>
         <input_file_ref idref="fl-5e"/>
      </object_component>
      <object_component id="oc-5cc">
         <name>.const</name>
         <load_address>0xaa80</load_address>
         <run_address>0xaa80</run_address>
         <size>0x64</size>
         <input_file_ref idref="fl-58"/>
      </object_component>
      <object_component id="oc-697">
         <name>.const</name>
         <load_address>0xaae4</load_address>
         <run_address>0xaae4</run_address>
         <size>0x1c</size>
         <input_file_ref idref="fl-61"/>
      </object_component>
      <object_component id="oc-5dc">
         <name>.const</name>
         <load_address>0xab00</load_address>
         <run_address>0xab00</run_address>
         <size>0x38</size>
         <input_file_ref idref="fl-5f"/>
      </object_component>
      <object_component id="oc-64f">
         <name>.const:init_jk</name>
         <load_address>0xab38</load_address>
         <run_address>0xab38</run_address>
         <size>0x4</size>
         <input_file_ref idref="fl-59"/>
      </object_component>
      <object_component id="oc-4c1">
         <name>.const</name>
         <load_address>0xab3c</load_address>
         <run_address>0xab3c</run_address>
         <size>0x4</size>
         <input_file_ref idref="fl-4"/>
      </object_component>
      <object_component id="oc-65a">
         <name>.const</name>
         <load_address>0xab40</load_address>
         <run_address>0xab40</run_address>
         <size>0x2c</size>
         <input_file_ref idref="fl-59"/>
      </object_component>
      <object_component id="oc-669">
         <name>.const:PIo2</name>
         <load_address>0xab6c</load_address>
         <run_address>0xab6c</run_address>
         <size>0x20</size>
         <input_file_ref idref="fl-59"/>
      </object_component>
      <object_component id="oc-6a5">
         <name>.const</name>
         <load_address>0xab8c</load_address>
         <run_address>0xab8c</run_address>
         <size>0xc</size>
         <input_file_ref idref="fl-60"/>
      </object_component>
      <object_component id="oc-547">
         <name>.const</name>
         <load_address>0xab98</load_address>
         <run_address>0xab98</run_address>
         <size>0x4</size>
         <input_file_ref idref="fl-4a"/>
      </object_component>
      <object_component id="oc-46e">
         <name>.data</name>
         <load_address>0xab9c</load_address>
         <run_address>0xab9c</run_address>
         <size>0x6</size>
         <input_file_ref idref="fl-5a"/>
      </object_component>
      <object_component id="oc-471">
         <name>.data:_lock</name>
         <load_address>0xaba2</load_address>
         <run_address>0xaba2</run_address>
         <size>0x2</size>
         <input_file_ref idref="fl-5b"/>
      </object_component>
      <object_component id="oc-56b">
         <name>.data:_unlock</name>
         <load_address>0xaba4</load_address>
         <run_address>0xaba4</run_address>
         <size>0x2</size>
         <input_file_ref idref="fl-5b"/>
      </object_component>
      <object_component id="oc-6a0">
         <name>.data</name>
         <load_address>0xaba6</load_address>
         <run_address>0xaba6</run_address>
         <size>0x1</size>
         <input_file_ref idref="fl-6d"/>
      </object_component>
      <object_component id="oc-4d5">
         <name>.debug_types</name>
         <load_address>0x0</load_address>
         <run_address>0x0</run_address>
         <size>0x48b</size>
         <input_file_ref idref="fl-4"/>
      </object_component>
      <object_component id="oc-51c">
         <name>.debug_types</name>
         <load_address>0x48b</load_address>
         <run_address>0x48b</run_address>
         <size>0xd21</size>
         <input_file_ref idref="fl-5"/>
      </object_component>
      <object_component id="oc-397">
         <name>.debug_types</name>
         <load_address>0x0</load_address>
         <run_address>0x0</run_address>
         <size>0x0</size>
         <input_file_ref idref="fl-a"/>
      </object_component>
      <object_component id="oc-39a">
         <name>.debug_types</name>
         <load_address>0x11ac</load_address>
         <run_address>0x11ac</run_address>
         <size>0x5164</size>
[...]
         <object_component_ref idref="oc-14f"/>
      </symbol>
      <symbol id="sm-539">
         <name>ECAP1_ISR</name>
         <value>0x9ab1</value>
         <object_component_ref idref="oc-12b"/>
      </symbol>
      <symbol id="sm-53a">
         <name>ADCA4_ISR</name>
         <value>0x9921</value>
         <object_component_ref idref="oc-1eb"/>
      </symbol>
      <symbol id="sm-53b">
         <name>FPU_OVERFLOW_ISR</name>
         <value>0x9bab</value>
         <object_component_ref idref="oc-257"/>
      </symbol>
      <symbol id="sm-53c">
         <name>ADCC4_ISR</name>
         <value>0x9985</value>
         <object_component_ref idref="oc-323"/>
      </symbol>
      <symbol id="sm-53d">
         <name>ADCB4_ISR</name>
         <value>0x9953</value>
         <object_component_ref idref="oc-203"/>
      </symbol>
      <symbol id="sm-53e">
         <name>FSITXA2_ISR</name>
         <value>0x9bdd</value>
         <object_component_ref idref="oc-2b1"/>
      </symbol>
      <symbol id="sm-53f">
         <name>EPWM7_ISR</name>
         <value>0x9b5b</value>
         <object_component_ref idref="oc-11f"/>
      </symbol>
      <symbol id="sm-540">
         <name>USER10_ISR</name>
         <value>0x9d9f</value>
         <object_component_ref idref="oc-8f"/>
      </symbol>
      <symbol id="sm-541">
         <name>SDFM1DR3_ISR</name>
         <value>0x9cff</value>
         <object_component_ref idref="oc-287"/>
      </symbol>
      <symbol id="sm-542">
         <name>XINT1_ISR</name>
         <value>0x9e21</value>
         <object_component_ref idref="oc-b3"/>
      </symbol>
      <symbol id="sm-543">
         <name>USER7_ISR</name>
         <value>0x9df9</value>
         <object_component_ref idref="oc-7d"/>
      </symbol>
      <symbol id="sm-544">
         <name>CLA1_1_ISR</name>
         <value>0x99cb</value>
         <object_component_ref idref="oc-209"/>
      </symbol>
      <symbol id="sm-545">
         <name>MCANA_WAKE_ISR</name>
         <value>0x9c69</value>
         <object_component_ref idref="oc-2ff"/>
      </symbol>
      <symbol id="sm-546">
         <name>USER9_ISR</name>
         <value>0x9e0d</value>
         <object_component_ref idref="oc-89"/>
      </symbol>
      <symbol id="sm-547">
         <name>CLB3_ISR</name>
         <value>0x9a43</value>
         <object_component_ref idref="oc-155"/>
      </symbol>
      <symbol id="sm-548">
         <name>ECAP2_ISR</name>
         <value>0x9abb</value>
         <object_component_ref idref="oc-131"/>
      </symbol>
      <symbol id="sm-549">
         <name>EPWM5_TZ_ISR</name>
         <value>0x9b3d</value>
         <object_component_ref idref="oc-e3"/>
      </symbol>
      <symbol id="sm-54a">
         <name>I2CB_FIFO_ISR</name>
         <value>0x9c05</value>
         <object_component_ref idref="oc-1af"/>
      </symbol>
      <symbol id="sm-54b">
         <name>SDFM2DR4_ISR</name>
         <value>0x9d3b</value>
         <object_component_ref idref="oc-2a5"/>
      </symbol>
      <symbol id="sm-54c">
         <name>DMA_CH1_ISR</name>
         <value>0x9a75</value>
         <object_component_ref idref="oc-179"/>
      </symbol>
      <symbol id="sm-54d">
         <name>CLA1_8_ISR</name>
         <value>0x9a11</value>
         <object_component_ref idref="oc-233"/>
      </symbol>
      <symbol id="sm-54e">
         <name>USER6_ISR</name>
         <value>0x9def</value>
         <object_component_ref idref="oc-77"/>
      </symbol>
      <symbol id="sm-54f">
         <name>CLA1_2_ISR</name>
         <value>0x99d5</value>
         <object_component_ref idref="oc-20f"/>
      </symbol>
      <symbol id="sm-550">
         <name>USER8_ISR</name>
         <value>0x9e03</value>
         <object_component_ref idref="oc-83"/>
      </symbol>
      <symbol id="sm-551">
         <name>CLB4_ISR</name>
         <value>0x9a4d</value>
         <object_component_ref idref="oc-15b"/>
      </symbol>
      <symbol id="sm-552">
         <name>SPIB_RX_ISR</name>
         <value>0x9d63</value>
         <object_component_ref idref="oc-16d"/>
      </symbol>
      <symbol id="sm-553">
         <name>SPIB_TX_ISR</name>
         <value>0x9d6d</value>
         <object_component_ref idref="oc-173"/>
      </symbol>
      <symbol id="sm-554">
         <name>ECAP3_ISR</name>
         <value>0x9acf</value>
         <object_component_ref idref="oc-137"/>
      </symbol>
      <symbol id="sm-555">
         <name>EPWM1_ISR</name>
         <value>0x9ae3</value>
         <object_component_ref idref="oc-fb"/>
      </symbol>
      <symbol id="sm-556">
         <name>DMA_CH2_ISR</name>
         <value>0x9a7f</value>
         <object_component_ref idref="oc-17f"/>
      </symbol>
      <symbol id="sm-557">
         <name>USER12_ISR</name>
         <value>0x9db3</value>
         <object_component_ref idref="oc-9b"/>
      </symbol>
      <symbol id="sm-558">
         <name>XINT3_ISR</name>
         <value>0x9e35</value>
         <object_component_ref idref="oc-239"/>
      </symbol>
      <symbol id="sm-559">
         <name>USER1_ISR</name>
         <value>0x9dbd</value>
         <object_component_ref idref="oc-59"/>
      </symbol>
      <symbol id="sm-55a">
         <name>CLA1_3_ISR</name>
         <value>0x99df</value>
         <object_component_ref idref="oc-215"/>
      </symbol>
      <symbol id="sm-55b">
         <name>I2CA_ISR</name>
         <value>0x9bfb</value>
         <object_component_ref idref="oc-19d"/>
      </symbol>
      <symbol id="sm-55c">
         <name>HICA_ISR</name>
         <value>0x9be7</value>
         <object_component_ref idref="oc-30b"/>
      </symbol>
      <symbol id="sm-55d">
         <name>CANA0_ISR</name>
         <value>0x99b7</value>
         <object_component_ref idref="oc-1cd"/>
      </symbol>
      <symbol id="sm-55e">
         <name>LINB_0_ISR</name>
         <value>0x9c37</value>
         <object_component_ref idref="oc-2d5"/>
      </symbol>
      <symbol id="sm-55f">
         <name>FSIRXA1_ISR</name>
         <value>0x9bbf</value>
         <object_component_ref idref="oc-2b7"/>
      </symbol>
      <symbol id="sm-560">
         <name>EPWM1_TZ_ISR</name>
         <value>0x9aed</value>
         <object_component_ref idref="oc-cb"/>
      </symbol>
      <symbol id="sm-561">
         <name>I2CA_FIFO_ISR</name>
         <value>0x9bf1</value>
         <object_component_ref idref="oc-1a3"/>
      </symbol>
      <symbol id="sm-562">
         <name>EPWM2_ISR</name>
         <value>0x9af7</value>
         <object_component_ref idref="oc-101"/>
      </symbol>
      <symbol id="sm-563">
         <name>SDFM1DR4_ISR</name>
         <value>0x9d09</value>
         <object_component_ref idref="oc-28d"/>
      </symbol>
      <symbol id="sm-564">
         <name>DMA_CH3_ISR</name>
         <value>0x9a89</value>
         <object_component_ref idref="oc-185"/>
      </symbol>
      <symbol id="sm-565">
         <name>FMC_ISR</name>
         <value>0x9ba1</value>
         <object_component_ref idref="oc-251"/>
      </symbol>
      <symbol id="sm-566">
         <name>ADCC_EVT_ISR</name>
         <value>0x998f</value>
         <object_component_ref idref="oc-311"/>
      </symbol>
      <symbol id="sm-567">
         <name>DATALOG_ISR</name>
         <value>0x9a57</value>
         <object_component_ref idref="oc-3b"/>
      </symbol>
      <symbol id="sm-568">
         <name>XINT2_ISR</name>
         <value>0x9e2b</value>
         <object_component_ref idref="oc-b9"/>
      </symbol>
      <symbol id="sm-569">
         <name>MCANA_0_ISR</name>
         <value>0x9c4b</value>
         <object_component_ref idref="oc-2ed"/>
      </symbol>
      <symbol id="sm-56a">
         <name>AES_SINTREQUEST_ISR</name>
         <value>0x9999</value>
         <object_component_ref idref="oc-33b"/>
      </symbol>
      <symbol id="sm-56b">
         <name>PIE_RESERVED_ISR</name>
         <value>0x9c91</value>
         <object_component_ref idref="oc-353"/>
      </symbol>
      <symbol id="sm-56c">
         <name>SCIB_RX_ISR</name>
         <value>0x9cd7</value>
         <object_component_ref idref="oc-1c1"/>
      </symbol>
      <symbol id="sm-56d">
         <name>FLASH_CORR_ERR_ISR</name>
         <value>0x9b97</value>
         <object_component_ref idref="oc-32f"/>
      </symbol>
      <symbol id="sm-56e">
         <name>SCIB_TX_ISR</name>
         <value>0x9ce1</value>
         <object_component_ref idref="oc-1c7"/>
      </symbol>
      <symbol id="sm-56f">
         <name>I2CB_ISR</name>
         <value>0x9c0f</value>
         <object_component_ref idref="oc-1a9"/>
      </symbol>
      <symbol id="sm-570">
         <name>CANA1_ISR</name>
         <value>0x99c1</value>
         <object_component_ref idref="oc-1d3"/>
      </symbol>
      <symbol id="sm-571">
         <name>LINB_1_ISR</name>
         <value>0x9c41</value>
         <object_component_ref idref="oc-2db"/>
      </symbol>
      <symbol id="sm-572">
         <name>FSIRXA2_ISR</name>
         <value>0x9bc9</value>
         <object_component_ref idref="oc-2bd"/>
      </symbol>
      <symbol id="sm-573">
         <name>ILLEGAL_ISR</name>
         <value>0x9c19</value>
         <object_component_ref idref="oc-53"/>
      </symbol>
      <symbol id="sm-574">
         <name>EPWM3_ISR</name>
         <value>0x9b0b</value>
         <object_component_ref idref="oc-107"/>
      </symbol>
      <symbol id="sm-575">
         <name>TIMER0_ISR</name>
         <value>0x9d81</value>
         <object_component_ref idref="oc-bf"/>
      </symbol>
      <symbol id="sm-576">
         <name>BGCRC_CLA1_ISR</name>
         <value>0x99a3</value>
         <object_component_ref idref="oc-341"/>
      </symbol>
      <symbol id="sm-577">
         <name>USER3_ISR</name>
         <value>0x9dd1</value>
         <object_component_ref idref="oc-65"/>
      </symbol>
      <symbol id="sm-578">
         <name>MCANA_1_ISR</name>
         <value>0x9c55</value>
         <object_component_ref idref="oc-2f3"/>
      </symbol>
      <symbol id="sm-588">
         <name>PieVectTableInit</name>
         <value>0xa800</value>
         <object_component_ref idref="oc-32"/>
      </symbol>
      <symbol id="sm-5c7">
         <name>GPIO_setPadConfig</name>
         <value>0x9406</value>
         <object_component_ref idref="oc-4a9"/>
      </symbol>
      <symbol id="sm-5c8">
         <name>GPIO_setAnalogMode</name>
         <value>0x87a2</value>
         <object_component_ref idref="oc-515"/>
      </symbol>
      <symbol id="sm-5c9">
         <name>GPIO_setDirectionMode</name>
         <value>0x9609</value>
         <object_component_ref idref="oc-4af"/>
      </symbol>
      <symbol id="sm-60a">
         <name>Interrupt_initModule</name>
         <value>0x9494</value>
         <object_component_ref idref="oc-4b5"/>
      </symbol>
      <symbol id="sm-60b">
         <name>Interrupt_initVectorTable</name>
         <value>0x96fc</value>
         <object_component_ref idref="oc-4bb"/>
      </symbol>
      <symbol id="sm-6e7">
         <name>SysCtl_isPLLValid</name>
         <value>0x8e40</value>
         <object_component_ref idref="oc-58b"/>
      </symbol>
      <symbol id="sm-6e8">
         <name>SysCtl_delay</name>
         <value>0x128</value>
         <object_component_ref idref="oc-4d3"/>
      </symbol>
      <symbol id="sm-6e9">
         <name>SysCtl_selectXTALSingleEnded</name>
         <value>0x97a3</value>
         <object_component_ref idref="oc-5ee"/>
      </symbol>
      <symbol id="sm-6ea">
         <name>SysCtl_selectXTAL</name>
         <value>0x9560</value>
         <object_component_ref idref="oc-5e8"/>
      </symbol>
      <symbol id="sm-6eb">
         <name>SysCtl_selectOscSource</name>
         <value>0x94d1</value>
         <object_component_ref idref="oc-57f"/>
      </symbol>
      <symbol id="sm-6ec">
         <name>SysCtl_setClock</name>
         <value>0x8d44</value>
         <object_component_ref idref="oc-4f7"/>
      </symbol>
      <symbol id="sm-708">
         <name>cosl</name>
         <value>0x90e8</value>
         <object_component_ref idref="oc-4c2"/>
      </symbol>
      <symbol id="sm-709">
         <name>cos</name>
         <value>0x90e8</value>
         <object_component_ref idref="oc-4c2"/>
      </symbol>
      <symbol id="sm-713">
         <name>_c_int00</name>
         <value>0x9817</value>
         <object_component_ref idref="oc-22"/>
      </symbol>
      <symbol id="sm-714">
         <name>__stack</name>
         <value>0x400</value>
         <object_component_ref idref="oc-365"/>
      </symbol>
      <symbol id="sm-71d">
         <name>__c28xabi_negd</name>
         <value>0x9e5c</value>
         <object_component_ref idref="oc-55f"/>
      </symbol>
      <symbol id="sm-725">
         <name>__c28xabi_subd</name>
         <value>0x9874</value>
         <object_component_ref idref="oc-54e"/>
      </symbol>
      <symbol id="sm-730">
         <name>__c28xabi_dtoi</name>
         <value>0x96bc</value>
         <object_component_ref idref="oc-542"/>
      </symbol>
      <symbol id="sm-73d">
         <name>__c28xabi_divf</name>
         <value>0x92fb</value>
         <object_component_ref idref="oc-5f6"/>
      </symbol>
      <symbol id="sm-74b">
         <name>__c28xabi_dtof</name>
         <value>0x9677</value>
         <object_component_ref idref="oc-4c8"/>
      </symbol>
      <symbol id="sm-758">
         <name>_system_pre_init</name>
         <value>0x9e93</value>
         <object_component_ref idref="oc-37c"/>
      </symbol>
      <symbol id="sm-767">
         <name>__TI_auto_init_nobinit_nopinit</name>
         <value>0x958b</value>
         <object_component_ref idref="oc-436"/>
      </symbol>
      <symbol id="sm-775">
         <name>__TI_decompress_none</name>
         <value>0x9e6d</value>
         <object_component_ref idref="oc-1b"/>
      </symbol>
      <symbol id="sm-789">
         <name>__TI_decompress_lzss</name>
         <value>0x9532</value>
         <object_component_ref idref="oc-15"/>
      </symbol>
      <symbol id="sm-7c4">
         <name>__rem_pio2</name>
         <value>0x8800</value>
         <object_component_ref idref="oc-553"/>
      </symbol>
      <symbol id="sm-836">
         <name>__kernel_rem_pio2</name>
         <value>0x8000</value>
         <object_component_ref idref="oc-5d4"/>
      </symbol>
      <symbol id="sm-84c">
         <name>C$$EXIT</name>
         <value>0x95e0</value>
         <object_component_ref idref="oc-389"/>
      </symbol>
      <symbol id="sm-84d">
         <name>abort</name>
         <value>0x95e0</value>
         <object_component_ref idref="oc-389"/>
      </symbol>
      <symbol id="sm-84e">
         <name>exit</name>
         <value>0x95e2</value>
         <object_component_ref idref="oc-389"/>
      </symbol>
      <symbol id="sm-84f">
         <name>__TI_dtors_ptr</name>
         <value>0xaba0</value>
         <object_component_ref idref="oc-46e"/>
      </symbol>
      <symbol id="sm-850">
         <name>__TI_cleanup_ptr</name>
         <value>0xab9e</value>
         <object_component_ref idref="oc-46e"/>
      </symbol>
      <symbol id="sm-851">
         <name>__TI_enable_exit_profile_output</name>
         <value>0xab9c</value>
         <object_component_ref idref="oc-46e"/>
      </symbol>
      <symbol id="sm-868">
         <name>_nop</name>
         <value>0x9e5b</value>
         <object_component_ref idref="oc-4db"/>
      </symbol>
      <symbol id="sm-869">
         <name>_lock</name>
         <value>0xaba2</value>
         <object_component_ref idref="oc-471"/>
      </symbol>
      <symbol id="sm-86a">
         <name>_unlock</name>
         <value>0xaba4</value>
         <object_component_ref idref="oc-56b"/>
      </symbol>
      <symbol id="sm-86b">
         <name>_register_lock</name>
         <value>0x9e57</value>
         <object_component_ref idref="oc-4db"/>
      </symbol>
      <symbol id="sm-86c">
         <name>_register_unlock</name>
         <value>0x9e53</value>
         <object_component_ref idref="oc-4db"/>
      </symbol>
      <symbol id="sm-87b">
         <name>_args_main</name>
         <value>0x98b5</value>
         <object_component_ref idref="oc-383"/>
      </symbol>
      <symbol id="sm-89e">
         <name>__kernel_cos</name>
         <value>0x8c31</value>
         <object_component_ref idref="oc-548"/>
      </symbol>
      <symbol id="sm-8c1">
         <name>__kernel_sin</name>
         <value>0x867d</value>
         <object_component_ref idref="oc-559"/>
      </symbol>
      <symbol id="sm-8e4">
         <name>floorl</name>
         <value>0x9000</value>
         <object_component_ref idref="oc-663"/>
      </symbol>
      <symbol id="sm-8e5">
         <name>floor</name>
         <value>0x9000</value>
         <object_component_ref idref="oc-663"/>
      </symbol>
      <symbol id="sm-907">
         <name>scalbn</name>
         <value>0x91b6</value>
         <object_component_ref idref="oc-65d"/>
      </symbol>
      <symbol id="sm-908">
         <name>scalbnl</name>
         <value>0x91b6</value>
         <object_component_ref idref="oc-65d"/>
      </symbol>
      <symbol id="sm-909">
         <name>ldexpl</name>
         <value>0x91b6</value>
         <object_component_ref idref="oc-65d"/>
      </symbol>
      <symbol id="sm-90a">
         <name>ldexp</name>
         <value>0x91b6</value>
         <object_component_ref idref="oc-65d"/>
      </symbol>
      <symbol id="sm-918">
         <name>copysign</name>
         <value>0x9630</value>
         <object_component_ref idref="oc-69a"/>
      </symbol>
      <symbol id="sm-919">
         <name>copysignl</name>
         <value>0x9630</value>
         <object_component_ref idref="oc-69a"/>
      </symbol>
      <symbol id="sm-930">
         <name>__c28xabi_addd</name>
         <value>0x925f</value>
         <object_component_ref idref="oc-5b5"/>
      </symbol>
      <symbol id="sm-93c">
         <name>__c28xabi_cmpd</name>
         <value>0x95b6</value>
         <object_component_ref idref="oc-5cf"/>
      </symbol>
      <symbol id="sm-94a">
         <name>__c28xabi_mpyd</name>
         <value>0x9383</value>
         <object_component_ref idref="oc-5ad"/>
      </symbol>
      <symbol id="sm-955">
         <name>__c28xabi_dtol</name>
         <value>0x96dd</value>
         <object_component_ref idref="oc-5c2"/>
      </symbol>
      <symbol id="sm-95d">
         <name>__c28xabi_orll</name>
         <value>0x97c5</value>
         <object_component_ref idref="oc-5bd"/>
      </symbol>
      <symbol id="sm-95e">
         <name>__c28xabi_xorll</name>
         <value>0x97cd</value>
         <object_component_ref idref="oc-5bd"/>
      </symbol>
      <symbol id="sm-95f">
         <name>__c28xabi_andll</name>
         <value>0x97bd</value>
         <object_component_ref idref="oc-5bd"/>
      </symbol>
      <symbol id="sm-969">
         <name>__c28xabi_modi</name>
         <value>0x96ab</value>
         <object_component_ref idref="oc-652"/>
      </symbol>
      <symbol id="sm-96a">
         <name>__c28xabi_divi</name>
         <value>0x969a</value>
         <object_component_ref idref="oc-652"/>
      </symbol>
      <symbol id="sm-976">
         <name>__c28xabi_ltod</name>
         <value>0x9753</value>
         <object_component_ref idref="oc-5c7"/>
      </symbol>
      <symbol id="sm-989">
         <name>memcpy</name>
         <value>0x971a</value>
         <object_component_ref idref="oc-368"/>
      </symbol>
      <symbol id="sm-996">
         <name>_system_post_cinit</name>
         <value>0x9e95</value>
         <object_component_ref idref="oc-488"/>
      </symbol>
      <symbol id="sm-9a1">
         <name>errno</name>
         <value>0xaba6</value>
         <object_component_ref idref="oc-6a0"/>
      </symbol>
      <symbol id="sm-9a3">
         <name>__c_args__</name>
         <value>0x0</value>
      </symbol>
   </symbol_table>
   <title>Link successful</title>
</link_info>
